Archive member included to satisfy reference by file (symbol)

c:/st/stm32cubeide_1.11.2/stm32cubeide/plugins/com.st.stm32cube.ide.mcu.externaltools.gnu-tools-for-stm32.10.3-2021.10.win32_1.0.100.202210260954/tools/bin/../lib/gcc/arm-none-eabi/10.3.1/../../../../arm-none-eabi/lib/thumb/v7e-m/nofp\libc_nano.a(lib_a-assert.o)
                              ./Middlewares/littlefs/lfs.o (__assert_func)
c:/st/stm32cubeide_1.11.2/stm32cubeide/plugins/com.st.stm32cube.ide.mcu.externaltools.gnu-tools-for-stm32.10.3-2021.10.win32_1.0.100.202210260954/tools/bin/../lib/gcc/arm-none-eabi/10.3.1/../../../../arm-none-eabi/lib/thumb/v7e-m/nofp\libc_nano.a(lib_a-errno.o)
                              ./Core/Src/syscalls.o (__errno)
c:/st/stm32cubeide_1.11.2/stm32cubeide/plugins/com.st.stm32cube.ide.mcu.externaltools.gnu-tools-for-stm32.10.3-2021.10.win32_1.0.100.202210260954/tools/bin/../lib/gcc/arm-none-eabi/10.3.1/../../../../arm-none-eabi/lib/thumb/v7e-m/nofp\libc_nano.a(lib_a-exit.o)
                              c:/st/stm32cubeide_1.11.2/stm32cubeide/plugins/com.st.stm32cube.ide.mcu.externaltools.gnu-tools-for-stm32.10.3-2021.10.win32_1.0.100.202210260954/tools/bin/../lib/gcc/arm-none-eabi/10.3.1/../../../../arm-none-eabi/lib/thumb/v7e-m/nofp/crt0.o (exit)
c:/st/stm32cubeide_1.11.2/stm32cubeide/plugins/com.st.stm32cube.ide.mcu.externaltools.gnu-tools-for-stm32.10.3-2021.10.win32_1.0.100.202210260954/tools/bin/../lib/gcc/arm-none-eabi/10.3.1/../../../../arm-none-eabi/lib/thumb/v7e-m/nofp\libc_nano.a(lib_a-fprintf.o)
                              c:/st/stm32cubeide_1.11.2/stm32cubeide/plugins/com.st.stm32cube.ide.mcu.externaltools.gnu-tools-for-stm32.10.3-2021.10.win32_1.0.100.202210260954/tools/bin/../lib/gcc/arm-none-eabi/10.3.1/../../../../arm-none-eabi/lib/thumb/v7e-m/nofp\libc_nano.a(lib_a-assert.o) (fiprintf)
c:/st/stm32cubeide_1.11.2/stm32cubeide/plugins/com.st.stm32cube.ide.mcu.externaltools.gnu-tools-for-stm32.10.3-2021.10.win32_1.0.100.202210260954/tools/bin/../lib/gcc/arm-none-eabi/10.3.1/../../../../arm-none-eabi/lib/thumb/v7e-m/nofp\libc_nano.a(lib_a-impure.o)
                              c:/st/stm32cubeide_1.11.2/stm32cubeide/plugins/com.st.stm32cube.ide.mcu.externaltools.gnu-tools-for-stm32.10.3-2021.10.win32_1.0.100.202210260954/tools/bin/../lib/gcc/arm-none-eabi/10.3.1/../../../../arm-none-eabi/lib/thumb/v7e-m/nofp\libc_nano.a(lib_a-exit.o) (_global_impure_ptr)
c:/st/stm32cubeide_1.11.2/stm32cubeide/plugins/com.st.stm32cube.ide.mcu.externaltools.gnu-tools-for-stm32.10.3-2021.10.win32_1.0.100.202210260954/tools/bin/../lib/gcc/arm-none-eabi/10.3.1/../../../../arm-none-eabi/lib/thumb/v7e-m/nofp\libc_nano.a(lib_a-init.o)
                              c:/st/stm32cubeide_1.11.2/stm32cubeide/plugins/com.st.stm32cube.ide.mcu.externaltools.gnu-tools-for-stm32.10.3-2021.10.win32_1.0.100.202210260954/tools/bin/../lib/gcc/arm-none-eabi/10.3.1/../../../../arm-none-eabi/lib/thumb/v7e-m/nofp/crt0.o (__libc_init_array)
c:/st/stm32cubeide_1.11.2/stm32cubeide/plugins/com.st.stm32cube.ide.mcu.externaltools.gnu-tools-for-stm32.10.3-2021.10.win32_1.0.100.202210260954/tools/bin/../lib/gcc/arm-none-eabi/10.3.1/../../../../arm-none-eabi/lib/thumb/v7e-m/nofp\libc_nano.a(lib_a-malloc.o)
                              ./Middlewares/littlefs/lfs.o (malloc)
c:/st/stm32cubeide_1.11.2/stm32cubeide/plugins/com.st.stm32cube.ide.mcu.externaltools.gnu-tools-for-stm32.10.3-2021.10.win32_1.0.100.202210260954/tools/bin/../lib/gcc/arm-none-eabi/10.3.1/../../../../arm-none-eabi/lib/thumb/v7e-m/nofp\libc_nano.a(lib_a-memcmp.o)
                              ./Middlewares/littlefs/lfs.o (memcmp)
c:/st/stm32cubeide_1.11.2/stm32cubeide/plugins/com.st.stm32cube.ide.mcu.externaltools.gnu-tools-for-stm32.10.3-2021.10.win32_1.0.100.202210260954/tools/bin/../lib/gcc/arm-none-eabi/10.3.1/../../../../arm-none-eabi/lib/thumb/v7e-m/nofp\libc_nano.a(lib_a-memcpy-stub.o)
                              ./Middlewares/FreeRTOS/queue.o (memcpy)
c:/st/stm32cubeide_1.11.2/stm32cubeide/plugins/com.st.stm32cube.ide.mcu.externaltools.gnu-tools-for-stm32.10.3-2021.10.win32_1.0.100.202210260954/tools/bin/../lib/gcc/arm-none-eabi/10.3.1/../../../../arm-none-eabi/lib/thumb/v7e-m/nofp\libc_nano.a(lib_a-memset.o)
                              c:/st/stm32cubeide_1.11.2/stm32cubeide/plugins/com.st.stm32cube.ide.mcu.externaltools.gnu-tools-for-stm32.10.3-2021.10.win32_1.0.100.202210260954/tools/bin/../lib/gcc/arm-none-eabi/10.3.1/../../../../arm-none-eabi/lib/thumb/v7e-m/nofp/crt0.o (memset)
c:/st/stm32cubeide_1.11.2/stm32cubeide/plugins/com.st.stm32cube.ide.mcu.externaltools.gnu-tools-for-stm32.10.3-2021.10.win32_1.0.100.202210260954/tools/bin/../lib/gcc/arm-none-eabi/10.3.1/../../../../arm-none-eabi/lib/thumb/v7e-m/nofp\libc_nano.a(lib_a-nano-freer.o)
[...]
Memory Configuration

Name             Origin             Length             Attributes
RAM1             0x0000000020000000 0x0000000000008000 xrw
RAM2             0x0000000020008000 0x0000000000008000 xrw
FLASH            0x0000000008000000 0x0000000000040000 xr
*default*        0x0000000000000000 0xffffffffffffffff

Linker script and memory map

LOAD c:/st/stm32cubeide_1.11.2/stm32cubeide/plugins/com.st.stm32cube.ide.mcu.externaltools.gnu-tools-for-stm32.10.3-2021.10.win32_1.0.100.202210260954/tools/bin/../lib/gcc/arm-none-eabi/10.3.1/thumb/v7e-m/nofp/crti.o
LOAD c:/st/stm32cubeide_1.11.2/stm32cubeide/plugins/com.st.stm32cube.ide.mcu.externaltools.gnu-tools-for-stm32.10.3-2021.10.win32_1.0.100.202210260954/tools/bin/../lib/gcc/arm-none-eabi/10.3.1/thumb/v7e-m/nofp/crtbegin.o
LOAD c:/st/stm32cubeide_1.11.2/stm32cubeide/plugins/com.st.stm32cube.ide.mcu.externaltools.gnu-tools-for-stm32.10.3-2021.10.win32_1.0.100.202210260954/tools/bin/../lib/gcc/arm-none-eabi/10.3.1/../../../../arm-none-eabi/lib/thumb/v7e-m/nofp/crt0.o
LOAD ./Core/Src/app_freertos.o
LOAD ./Core/Src/main.o
LOAD ./Core/Src/stm32wlxx_hal_msp.o
LOAD ./Core/Src/stm32wlxx_it.o
LOAD ./Core/Src/syscalls.o
LOAD ./Core/Src/sysmem.o
LOAD ./Core/Src/system_stm32wlxx.o
LOAD ./Core/Startup/startup_stm32wle5jcix.o
LOAD ./Drivers/STM32WLxx_HAL_Driver/stm32wlxx_hal.o
LOAD ./Drivers/STM32WLxx_HAL_Driver/stm32wlxx_hal_cortex.o
LOAD ./Drivers/STM32WLxx_HAL_Driver/stm32wlxx_hal_dma.o
LOAD ./Drivers/STM32WLxx_HAL_Driver/stm32wlxx_hal_dma_ex.o
LOAD ./Drivers/STM32WLxx_HAL_Driver/stm32wlxx_hal_exti.o
LOAD ./Drivers/STM32WLxx_HAL_Driver/stm32wlxx_hal_flash.o
LOAD ./Drivers/STM32WLxx_HAL_Driver/stm32wlxx_hal_flash_ex.o
LOAD ./Drivers/STM32WLxx_HAL_Driver/stm32wlxx_hal_gpio.o
LOAD ./Drivers/STM32WLxx_HAL_Driver/stm32wlxx_hal_lptim.o
LOAD ./Drivers/STM32WLxx_HAL_Driver/stm32wlxx_hal_pwr.o
LOAD ./Drivers/STM32WLxx_HAL_Driver/stm32wlxx_hal_pwr_ex.o
LOAD ./Drivers/STM32WLxx_HAL_Driver/stm32wlxx_hal_rcc.o
LOAD ./Drivers/STM32WLxx_HAL_Driver/stm32wlxx_hal_rcc_ex.o
LOAD ./Drivers/STM32WLxx_HAL_Driver/stm32wlxx_hal_tim.o
LOAD ./Drivers/STM32WLxx_HAL_Driver/stm32wlxx_hal_tim_ex.o
LOAD ./Middlewares/FreeRTOS/CMSIS_RTOS/cmsis_os.o
LOAD ./Middlewares/FreeRTOS/croutine.o
LOAD ./Middlewares/FreeRTOS/event_groups.o
LOAD ./Middlewares/FreeRTOS/list.o
LOAD ./Middlewares/FreeRTOS/queue.o
LOAD ./Middlewares/FreeRTOS/stream_buffer.o
LOAD ./Middlewares/FreeRTOS/tasks.o
LOAD ./Middlewares/FreeRTOS/timers.o
LOAD ./Middlewares/FreeRTOS/prortable/GCC/ARM_CM3/port.o
LOAD ./Middlewares/FreeRTOS/prortable/MemMang/heap_4.o
LOAD ./Middlewares/littlefs/lfs.o
LOAD ./Middlewares/littlefs/lfs_util.o
START GROUP
LOAD c:/st/stm32cubeide_1.11.2/stm32cubeide/plugins/com.st.stm32cube.ide.mcu.externaltools.gnu-tools-for-stm32.10.3-2021.10.win32_1.0.100.202210260954/tools/bin/../lib/gcc/arm-none-eabi/10.3.1/../../../../arm-none-eabi/lib/thumb/v7e-m/nofp\libc_nano.a
LOAD c:/st/stm32cubeide_1.11.2/stm32cubeide/plugins/com.st.stm32cube.ide.mcu.externaltools.gnu-tools-for-stm32.10.3-2021.10.win32_1.0.100.202210260954/tools/bin/../lib/gcc/arm-none-eabi/10.3.1/../../../../arm-none-eabi/lib/thumb/v7e-m/nofp\libm.a
END GROUP
START GROUP
LOAD c:/st/stm32cubeide_1.11.2/stm32cubeide/plugins/com.st.stm32cube.ide.mcu.externaltools.gnu-tools-for-stm32.10.3-2021.10.win32_1.0.100.202210260954/tools/bin/../lib/gcc/arm-none-eabi/10.3.1/thumb/v7e-m/nofp\libgcc.a
LOAD c:/st/stm32cubeide_1.11.2/stm32cubeide/plugins/com.st.stm32cube.ide.mcu.externaltools.gnu-tools-for-stm32.10.3-2021.10.win32_1.0.100.202210260954/tools/bin/../lib/gcc/arm-none-eabi/10.3.1/../../../../arm-none-eabi/lib/thumb/v7e-m/nofp\libc_nano.a
END GROUP
START GROUP
LOAD c:/st/stm32cubeide_1.11.2/stm32cubeide/plugins/com.st.stm32cube.ide.mcu.externaltools.gnu-tools-for-stm32.10.3-2021.10.win32_1.0.100.202210260954/tools/bin/../lib/gcc/arm-none-eabi/10.3.1/thumb/v7e-m/nofp\libgcc.a
LOAD c:/st/stm32cubeide_1.11.2/stm32cubeide/plugins/com.st.stm32cube.ide.mcu.externaltools.gnu-tools-for-stm32.10.3-2021.10.win32_1.0.100.202210260954/tools/bin/../lib/gcc/arm-none-eabi/10.3.1/../../../../arm-none-eabi/lib/thumb/v7e-m/nofp\libc_nano.a
LOAD c:/st/stm32cubeide_1.11.2/stm32cubeide/plugins/com.st.stm32cube.ide.mcu.externaltools.gnu-tools-for-stm32.10.3-2021.10.win32_1.0.100.202210260954/tools/bin/../lib/gcc/arm-none-eabi/10.3.1/../../../../arm-none-eabi/lib/thumb/v7e-m/nofp\libnosys.a
END GROUP
START GROUP
LOAD c:/st/stm32cubeide_1.11.2/stm32cubeide/plugins/com.st.stm32cube.ide.mcu.externaltools.gnu-tools-for-stm32.10.3-2021.10.win32_1.0.100.202210260954/tools/bin/../lib/gcc/arm-none-eabi/10.3.1/thumb/v7e-m/nofp\libgcc.a
LOAD c:/st/stm32cubeide_1.11.2/stm32cubeide/plugins/com.st.stm32cube.ide.mcu.externaltools.gnu-tools-for-stm32.10.3-2021.10.win32_1.0.100.202210260954/tools/bin/../lib/gcc/arm-none-eabi/10.3.1/../../../../arm-none-eabi/lib/thumb/v7e-m/nofp\libc_nano.a
LOAD c:/st/stm32cubeide_1.11.2/stm32cubeide/plugins/com.st.stm32cube.ide.mcu.externaltools.gnu-tools-for-stm32.10.3-2021.10.win32_1.0.100.202210260954/tools/bin/../lib/gcc/arm-none-eabi/10.3.1/../../../../arm-none-eabi/lib/thumb/v7e-m/nofp\libnosys.a
END GROUP
LOAD c:/st/stm32cubeide_1.11.2/stm32cubeide/plugins/com.st.stm32cube.ide.mcu.externaltools.gnu-tools-for-stm32.10.3-2021.10.win32_1.0.100.202210260954/tools/bin/../lib/gcc/arm-none-eabi/10.3.1/thumb/v7e-m/nofp/crtend.o
LOAD c:/st/stm32cubeide_1.11.2/stm32cubeide/plugins/com.st.stm32cube.ide.mcu.externaltools.gnu-tools-for-stm32.10.3-2021.10.win32_1.0.100.202210260954/tools/bin/../lib/gcc/arm-none-eabi/10.3.1/thumb/v7e-m/nofp/crtn.o
                0x0000000020008000                _estack = (ORIGIN (RAM1) + LENGTH (RAM1))
                0x0000000000000200                _Min_Heap_Size = 0x200
                0x0000000000000400                _Min_Stack_Size = 0x400

.isr_vector     0x0000000008000000      0x138
                0x0000000008000000                . = ALIGN (0x4)
 *(.isr_vector)
 .isr_vector    0x0000000008000000      0x138 ./Core/Startup/startup_stm32wle5jcix.o
                0x0000000008000000                g_pfnVectors
                0x0000000008000138                . = ALIGN (0x4)

.text           0x0000000008000140     0x418c
                0x0000000008000140                . = ALIGN (0x4)
 *(.text)
 .text          0x0000000008000140       0x40 c:/st/stm32cubeide_1.11.2/stm32cubeide/plugins/com.st.stm32cube.ide.mcu.externaltools.gnu-tools-for-stm32.10.3-2021.10.win32_1.0.100.202210260954/tools/bin/../lib/gcc/arm-none-eabi/10.3.1/thumb/v7e-m/nofp/crtbegin.o
 *(.text*)
 .text.PreSleepProcessing
                0x0000000008000180       0x40 ./Core/Src/app_freertos.o
                0x0000000008000180                PreSleepProcessing
 .text.PostSleepProcessing
                0x00000000080001c0       0x20 ./Core/Src/app_freertos.o
                0x00000000080001c0                PostSleepProcessing
 .text.vApplicationGetIdleTaskMemory
                0x00000000080001e0       0x30 ./Core/Src/app_freertos.o
                0x00000000080001e0                vApplicationGetIdleTaskMemory
 .text.LL_AHB2_GRP1_EnableClock
                0x0000000008000210       0x30 ./Core/Src/main.o
 .text.main     0x0000000008000240       0x48 ./Core/Src/main.o
                0x0000000008000240                main
 .text.SystemClock_Config
                0x0000000008000288       0xac ./Core/Src/main.o
                0x0000000008000288                SystemClock_Config
 .text.MX_LPTIM1_Init
                0x0000000008000334       0x58 ./Core/Src/main.o
 .text.MX_GPIO_Init
                0x000000000800038c       0x4c ./Core/Src/main.o
 .text.LED_control
                0x00000000080003d8       0x24 ./Core/Src/main.o
                0x00000000080003d8                LED_control
 .text.StartLedTask
                0x00000000080003fc       0x26 ./Core/Src/main.o
                0x00000000080003fc                StartLedTask
 .text.Error_Handler
                0x0000000008000422        0xa ./Core/Src/main.o
                0x0000000008000422                Error_Handler
 .text.LL_APB1_GRP1_EnableClock
                0x000000000800042c       0x30 ./Core/Src/stm32wlxx_hal_msp.o
 .text.HAL_MspInit
                0x000000000800045c       0x14 ./Core/Src/stm32wlxx_hal_msp.o
                0x000000000800045c                HAL_MspInit
 .text.HAL_LPTIM_MspInit
                0x0000000008000470       0x68 ./Core/Src/stm32wlxx_hal_msp.o
                0x0000000008000470                HAL_LPTIM_MspInit
 .text.NMI_Handler
                0x00000000080004d8        0x6 ./Core/Src/stm32wlxx_it.o
                0x00000000080004d8                NMI_Handler
 .text.HardFault_Handler
                0x00000000080004de        0x6 ./Core/Src/stm32wlxx_it.o
                0x00000000080004de                HardFault_Handler
 .text.MemManage_Handler
                0x00000000080004e4        0x6 ./Core/Src/stm32wlxx_it.o
                0x00000000080004e4                MemManage_Handler
 .text.BusFault_Handler
                0x00000000080004ea        0x6 ./Core/Src/stm32wlxx_it.o
                0x00000000080004ea                BusFault_Handler
 .text.UsageFault_Handler
                0x00000000080004f0        0x6 ./Core/Src/stm32wlxx_it.o
                0x00000000080004f0                UsageFault_Handler
 .text.DebugMon_Handler
                0x00000000080004f6        0xc ./Core/Src/stm32wlxx_it.o
                0x00000000080004f6                DebugMon_Handler
 .text.SysTick_Handler
                0x0000000008000502       0x1a ./Core/Src/stm32wlxx_it.o
                0x0000000008000502                SysTick_Handler
 .text.LPTIM1_IRQHandler
                0x000000000800051c       0x14 ./Core/Src/stm32wlxx_it.o
                0x000000000800051c                LPTIM1_IRQHandler
 .text.SystemInit
                0x0000000008000530        0xc ./Core/Src/system_stm32wlxx.o
                0x0000000008000530                SystemInit
 .text.Reset_Handler
                0x000000000800053c       0x50 ./Core/Startup/startup_stm32wle5jcix.o
                0x000000000800053c                Reset_Handler
 .text.Default_Handler
                0x000000000800058c        0x2 ./Core/Startup/startup_stm32wle5jcix.o
                0x000000000800058c                RTC_Alarm_IRQHandler
                0x000000000800058c                EXTI2_IRQHandler
                0x000000000800058c                TIM1_CC_IRQHandler
                0x000000000800058c                EXTI3_IRQHandler
                0x000000000800058c                LPTIM2_IRQHandler
                0x000000000800058c                I2C3_ER_IRQHandler
                0x000000000800058c                LPTIM3_IRQHandler
                0x000000000800058c                EXTI0_IRQHandler
                0x000000000800058c                I2C2_EV_IRQHandler
                0x000000000800058c                TAMP_STAMP_LSECSS_SSRU_IRQHandler
                0x000000000800058c                SPI1_IRQHandler
                0x000000000800058c                DMA2_Channel2_IRQHandler
                0x000000000800058c                DMA1_Channel4_IRQHandler
                0x000000000800058c                PKA_IRQHandler
                0x000000000800058c                TIM17_IRQHandler
                0x000000000800058c                DMA1_Channel7_IRQHandler
                0x000000000800058c                SUBGHZSPI_IRQHandler
                0x000000000800058c                DMA2_Channel1_IRQHandler
                0x000000000800058c                I2C1_EV_IRQHandler
                0x000000000800058c                SUBGHZ_Radio_IRQHandler
                0x000000000800058c                DMAMUX1_OVR_IRQHandler
                0x000000000800058c                DMA1_Channel6_IRQHandler
                0x000000000800058c                TIM16_IRQHandler
                0x000000000800058c                DMA2_Channel4_IRQHandler
                0x000000000800058c                RCC_IRQHandler
                0x000000000800058c                TIM1_TRG_COM_IRQHandler
                0x000000000800058c                DMA1_Channel1_IRQHandler
                0x000000000800058c                Default_Handler
                0x000000000800058c                DMA2_Channel7_IRQHandler
                0x000000000800058c                EXTI15_10_IRQHandler
                0x000000000800058c                ADC_IRQHandler
                0x000000000800058c                I2C3_EV_IRQHandler
                0x000000000800058c                EXTI9_5_IRQHandler
                0x000000000800058c                RTC_WKUP_IRQHandler
                0x000000000800058c                PVD_PVM_IRQHandler
                0x000000000800058c                SPI2_IRQHandler
                0x000000000800058c                DMA2_Channel5_IRQHandler
                0x000000000800058c                DMA1_Channel5_IRQHandler
                0x000000000800058c                EXTI4_IRQHandler
                0x000000000800058c                RNG_IRQHandler
                0x000000000800058c                DMA1_Channel3_IRQHandler
                0x000000000800058c                COMP_IRQHandler
                0x000000000800058c                HSEM_IRQHandler
                0x000000000800058c                TIM1_UP_IRQHandler
                0x000000000800058c                WWDG_IRQHandler
                0x000000000800058c                LPUART1_IRQHandler
                0x000000000800058c                DMA2_Channel6_IRQHandler
                0x000000000800058c                TIM2_IRQHandler
                0x000000000800058c                TIM1_BRK_IRQHandler
                0x000000000800058c                DAC_IRQHandler
                0x000000000800058c                EXTI1_IRQHandler
                0x000000000800058c                AES_IRQHandler
                0x000000000800058c                USART2_IRQHandler
                0x000000000800058c                I2C2_ER_IRQHandler
                0x000000000800058c                DMA1_Channel2_IRQHandler
                0x000000000800058c                FLASH_IRQHandler
                0x000000000800058c                USART1_IRQHandler
                0x000000000800058c                I2C1_ER_IRQHandler
                0x000000000800058c                DMA2_Channel3_IRQHandler
 *fill*         0x000000000800058e        0x2 
 .text.HAL_Init
                0x0000000008000590       0x40 ./Drivers/STM32WLxx_HAL_Driver/stm32wlxx_hal.o
                0x0000000008000590                HAL_Init
 .text.HAL_InitTick
                0x00000000080005d0       0x74 ./Drivers/STM32WLxx_HAL_Driver/stm32wlxx_hal.o
                0x00000000080005d0                HAL_InitTick
 .text.HAL_IncTick
                0x0000000008000644       0x24 ./Drivers/STM32WLxx_HAL_Driver/stm32wlxx_hal.o
                0x0000000008000644                HAL_IncTick
 .text.HAL_GetTick
                0x0000000008000668       0x14 ./Drivers/STM32WLxx_HAL_Driver/stm32wlxx_hal.o
                0x0000000008000668                HAL_GetTick
 .text.HAL_Delay
                0x000000000800067c       0x48 ./Drivers/STM32WLxx_HAL_Driver/stm32wlxx_hal.o
                0x000000000800067c                HAL_Delay
 .text.__NVIC_SetPriorityGrouping
                0x00000000080006c4       0x48 ./Drivers/STM32WLxx_HAL_Driver/stm32wlxx_hal_cortex.o
 .text.__NVIC_GetPriorityGrouping
                0x000000000800070c       0x1c ./Drivers/STM32WLxx_HAL_Driver/stm32wlxx_hal_cortex.o
 .text.__NVIC_EnableIRQ
                0x0000000008000728       0x38 ./Drivers/STM32WLxx_HAL_Driver/stm32wlxx_hal_cortex.o
 .text.__NVIC_SetPriority
                0x0000000008000760       0x54 ./Drivers/STM32WLxx_HAL_Driver/stm32wlxx_hal_cortex.o
 .text.NVIC_EncodePriority
                0x00000000080007b4       0x60 ./Drivers/STM32WLxx_HAL_Driver/stm32wlxx_hal_cortex.o
 .text.SysTick_Config
                0x0000000008000814       0x44 ./Drivers/STM32WLxx_HAL_Driver/stm32wlxx_hal_cortex.o
 .text.HAL_NVIC_SetPriorityGrouping
                0x0000000008000858       0x16 ./Drivers/STM32WLxx_HAL_Driver/stm32wlxx_hal_cortex.o
                0x0000000008000858                HAL_NVIC_SetPriorityGrouping
 .text.HAL_NVIC_SetPriority
                0x000000000800086e       0x38 ./Drivers/STM32WLxx_HAL_Driver/stm32wlxx_hal_cortex.o
                0x000000000800086e                HAL_NVIC_SetPriority
 .text.HAL_NVIC_EnableIRQ
                0x00000000080008a6       0x1c ./Drivers/STM32WLxx_HAL_Driver/stm32wlxx_hal_cortex.o
                0x00000000080008a6                HAL_NVIC_EnableIRQ
 .text.HAL_SYSTICK_Config
                0x00000000080008c2       0x18 ./Drivers/STM32WLxx_HAL_Driver/stm32wlxx_hal_cortex.o
                0x00000000080008c2                HAL_SYSTICK_Config
 *fill*         0x00000000080008da        0x2 
 .text.HAL_GPIO_Init
                0x00000000080008dc      0x2c0 ./Drivers/STM32WLxx_HAL_Driver/stm32wlxx_hal_gpio.o
                0x00000000080008dc                HAL_GPIO_Init
 .text.HAL_GPIO_WritePin
                0x0000000008000b9c       0x2e ./Drivers/STM32WLxx_HAL_Driver/stm32wlxx_hal_gpio.o
                0x0000000008000b9c                HAL_GPIO_WritePin
 .text.LL_RCC_SetLPTIMClockSource
                0x0000000008000bca       0x32 ./Drivers/STM32WLxx_HAL_Driver/stm32wlxx_hal_lptim.o
 .text.LL_RCC_GetLPTIMClockSource
                0x0000000008000bfc       0x24 ./Drivers/STM32WLxx_HAL_Driver/stm32wlxx_hal_lptim.o
 .text.LL_APB1_GRP1_ForceReset
                0x0000000008000c20       0x22 ./Drivers/STM32WLxx_HAL_Driver/stm32wlxx_hal_lptim.o
 .text.LL_APB1_GRP2_ForceReset
                0x0000000008000c42       0x22 ./Drivers/STM32WLxx_HAL_Driver/stm32wlxx_hal_lptim.o
 .text.LL_APB1_GRP1_ReleaseReset
                0x0000000008000c64       0x24 ./Drivers/STM32WLxx_HAL_Driver/stm32wlxx_hal_lptim.o
 .text.LL_APB1_GRP2_ReleaseReset
                0x0000000008000c88       0x24 ./Drivers/STM32WLxx_HAL_Driver/stm32wlxx_hal_lptim.o
 .text.HAL_LPTIM_Init
                0x0000000008000cac      0x190 ./Drivers/STM32WLxx_HAL_Driver/stm32wlxx_hal_lptim.o
                0x0000000008000cac                HAL_LPTIM_Init
 .text.HAL_LPTIM_Counter_Start_IT
                0x0000000008000e3c      0x144 ./Drivers/STM32WLxx_HAL_Driver/stm32wlxx_hal_lptim.o
                0x0000000008000e3c                HAL_LPTIM_Counter_Start_IT
 .text.HAL_LPTIM_Counter_Stop_IT
                0x0000000008000f80       0xcc ./Drivers/STM32WLxx_HAL_Driver/stm32wlxx_hal_lptim.o
                0x0000000008000f80                HAL_LPTIM_Counter_Stop_IT
 .text.HAL_LPTIM_IRQHandler
                0x000000000800104c      0x190 ./Drivers/STM32WLxx_HAL_Driver/stm32wlxx_hal_lptim.o
                0x000000000800104c                HAL_LPTIM_IRQHandler
 .text.HAL_LPTIM_CompareMatchCallback
                0x00000000080011dc       0x12 ./Drivers/STM32WLxx_HAL_Driver/stm32wlxx_hal_lptim.o
                0x00000000080011dc                HAL_LPTIM_CompareMatchCallback
 .text.HAL_LPTIM_AutoReloadMatchCallback
                0x00000000080011ee       0x12 ./Drivers/STM32WLxx_HAL_Driver/stm32wlxx_hal_lptim.o
                0x00000000080011ee                HAL_LPTIM_AutoReloadMatchCallback
 .text.HAL_LPTIM_TriggerCallback
                0x0000000008001200       0x12 ./Drivers/STM32WLxx_HAL_Driver/stm32wlxx_hal_lptim.o
                0x0000000008001200                HAL_LPTIM_TriggerCallback
 .text.HAL_LPTIM_CompareWriteCallback
                0x0000000008001212       0x12 ./Drivers/STM32WLxx_HAL_Driver/stm32wlxx_hal_lptim.o
                0x0000000008001212                HAL_LPTIM_CompareWriteCallback
 .text.HAL_LPTIM_AutoReloadWriteCallback
                0x0000000008001224       0x12 ./Drivers/STM32WLxx_HAL_Driver/stm32wlxx_hal_lptim.o
                0x0000000008001224                HAL_LPTIM_AutoReloadWriteCallback
 .text.HAL_LPTIM_DirectionUpCallback
                0x0000000008001236       0x12 ./Drivers/STM32WLxx_HAL_Driver/stm32wlxx_hal_lptim.o
                0x0000000008001236                HAL_LPTIM_DirectionUpCallback
 .text.HAL_LPTIM_DirectionDownCallback
                0x0000000008001248       0x12 ./Drivers/STM32WLxx_HAL_Driver/stm32wlxx_hal_lptim.o
                0x0000000008001248                HAL_LPTIM_DirectionDownCallback
 .text.HAL_LPTIM_UpdateEventCallback
                0x000000000800125a       0x12 ./Drivers/STM32WLxx_HAL_Driver/stm32wlxx_hal_lptim.o
                0x000000000800125a                HAL_LPTIM_UpdateEventCallback
 .text.HAL_LPTIM_RepCounterWriteCallback
                0x000000000800126c       0x12 ./Drivers/STM32WLxx_HAL_Driver/stm32wlxx_hal_lptim.o
                0x000000000800126c                HAL_LPTIM_RepCounterWriteCallback
 .text.HAL_LPTIM_GetState
                0x000000000800127e       0x1a ./Drivers/STM32WLxx_HAL_Driver/stm32wlxx_hal_lptim.o
                0x000000000800127e                HAL_LPTIM_GetState
 .text.LPTIM_WaitForFlag
                0x0000000008001298       0x60 ./Drivers/STM32WLxx_HAL_Driver/stm32wlxx_hal_lptim.o
 .text.LPTIM_Disable
                0x00000000080012f8      0x258 ./Drivers/STM32WLxx_HAL_Driver/stm32wlxx_hal_lptim.o
                0x00000000080012f8                LPTIM_Disable
 .text.HAL_PWR_EnableBkUpAccess
                0x0000000008001550       0x1c ./Drivers/STM32WLxx_HAL_Driver/stm32wlxx_hal_pwr.o
                0x0000000008001550                HAL_PWR_EnableBkUpAccess
 .text.HAL_PWREx_GetVoltageRange
                0x000000000800156c       0x18 ./Drivers/STM32WLxx_HAL_Driver/stm32wlxx_hal_pwr_ex.o
                0x000000000800156c                HAL_PWREx_GetVoltageRange
 .text.HAL_PWREx_EnterSTOP2Mode
                0x0000000008001584       0x54 ./Drivers/STM32WLxx_HAL_Driver/stm32wlxx_hal_pwr_ex.o
                0x0000000008001584                HAL_PWREx_EnterSTOP2Mode
 .text.LL_PWR_IsEnabledBkUpAccess
                0x00000000080015d8       0x24 ./Drivers/STM32WLxx_HAL_Driver/stm32wlxx_hal_rcc.o
 .text.LL_RCC_HSE_EnableTcxo
                0x00000000080015fc       0x1c ./Drivers/STM32WLxx_HAL_Driver/stm32wlxx_hal_rcc.o
 .text.LL_RCC_HSE_DisableTcxo
                0x0000000008001618       0x1c ./Drivers/STM32WLxx_HAL_Driver/stm32wlxx_hal_rcc.o
 .text.LL_RCC_HSE_IsEnabledDiv2
                0x0000000008001634       0x22 ./Drivers/STM32WLxx_HAL_Driver/stm32wlxx_hal_rcc.o
 .text.LL_RCC_HSE_Enable
                0x0000000008001656       0x1c ./Drivers/STM32WLxx_HAL_Driver/stm32wlxx_hal_rcc.o
 .text.LL_RCC_HSE_Disable
                0x0000000008001672       0x1c ./Drivers/STM32WLxx_HAL_Driver/stm32wlxx_hal_rcc.o
 .text.LL_RCC_HSE_IsReady
                0x000000000800168e       0x22 ./Drivers/STM32WLxx_HAL_Driver/stm32wlxx_hal_rcc.o
 .text.LL_RCC_HSI_Enable
                0x00000000080016b0       0x1c ./Drivers/STM32WLxx_HAL_Driver/stm32wlxx_hal_rcc.o
 .text.LL_RCC_HSI_Disable
                0x00000000080016cc       0x1c ./Drivers/STM32WLxx_HAL_Driver/stm32wlxx_hal_rcc.o
 .text.LL_RCC_HSI_IsReady
                0x00000000080016e8       0x22 ./Drivers/STM32WLxx_HAL_Driver/stm32wlxx_hal_rcc.o
 .text.LL_RCC_HSI_SetCalibTrimming
                0x000000000800170a       0x28 ./Drivers/STM32WLxx_HAL_Driver/stm32wlxx_hal_rcc.o
 .text.LL_RCC_LSE_IsReady
                0x0000000008001732       0x22 ./Drivers/STM32WLxx_HAL_Driver/stm32wlxx_hal_rcc.o
 .text.LL_RCC_LSI_Enable
                0x0000000008001754       0x20 ./Drivers/STM32WLxx_HAL_Driver/stm32wlxx_hal_rcc.o
 .text.LL_RCC_LSI_Disable
                0x0000000008001774       0x20 ./Drivers/STM32WLxx_HAL_Driver/stm32wlxx_hal_rcc.o
 .text.LL_RCC_LSI_IsReady
                0x0000000008001794       0x22 ./Drivers/STM32WLxx_HAL_Driver/stm32wlxx_hal_rcc.o
 .text.LL_RCC_MSI_Enable
                0x00000000080017b6       0x1c ./Drivers/STM32WLxx_HAL_Driver/stm32wlxx_hal_rcc.o
 .text.LL_RCC_MSI_Disable
                0x00000000080017d2       0x1c ./Drivers/STM32WLxx_HAL_Driver/stm32wlxx_hal_rcc.o
 .text.LL_RCC_MSI_IsReady
                0x00000000080017ee       0x20 ./Drivers/STM32WLxx_HAL_Driver/stm32wlxx_hal_rcc.o
 .text.LL_RCC_MSI_IsEnabledRangeSelect
                0x000000000800180e       0x20 ./Drivers/STM32WLxx_HAL_Driver/stm32wlxx_hal_rcc.o
 .text.LL_RCC_MSI_GetRange
                0x000000000800182e       0x16 ./Drivers/STM32WLxx_HAL_Driver/stm32wlxx_hal_rcc.o
 .text.LL_RCC_MSI_GetRangeAfterStandby
                0x0000000008001844       0x18 ./Drivers/STM32WLxx_HAL_Driver/stm32wlxx_hal_rcc.o
 .text.LL_RCC_MSI_SetCalibTrimming
                0x000000000800185c       0x28 ./Drivers/STM32WLxx_HAL_Driver/stm32wlxx_hal_rcc.o
 .text.LL_RCC_SetSysClkSource
                0x0000000008001884       0x26 ./Drivers/STM32WLxx_HAL_Driver/stm32wlxx_hal_rcc.o
 .text.LL_RCC_GetSysClkSource
                0x00000000080018aa       0x16 ./Drivers/STM32WLxx_HAL_Driver/stm32wlxx_hal_rcc.o
 .text.LL_RCC_SetAHBPrescaler
                0x00000000080018c0       0x26 ./Drivers/STM32WLxx_HAL_Driver/stm32wlxx_hal_rcc.o
 .text.LL_RCC_SetAHB3Prescaler
                0x00000000080018e6       0x2c ./Drivers/STM32WLxx_HAL_Driver/stm32wlxx_hal_rcc.o
 .text.LL_RCC_SetAPB1Prescaler
                0x0000000008001912       0x26 ./Drivers/STM32WLxx_HAL_Driver/stm32wlxx_hal_rcc.o
 .text.LL_RCC_SetAPB2Prescaler
                0x0000000008001938       0x26 ./Drivers/STM32WLxx_HAL_Driver/stm32wlxx_hal_rcc.o
 .text.LL_RCC_GetAHBPrescaler
                0x000000000800195e       0x16 ./Drivers/STM32WLxx_HAL_Driver/stm32wlxx_hal_rcc.o
 .text.LL_RCC_GetAHB3Prescaler
                0x0000000008001974       0x1a ./Drivers/STM32WLxx_HAL_Driver/stm32wlxx_hal_rcc.o
 .text.LL_RCC_PLL_Enable
                0x000000000800198e       0x1c ./Drivers/STM32WLxx_HAL_Driver/stm32wlxx_hal_rcc.o
 .text.LL_RCC_PLL_Disable
                0x00000000080019aa       0x1c ./Drivers/STM32WLxx_HAL_Driver/stm32wlxx_hal_rcc.o
 .text.LL_RCC_PLL_IsReady
                0x00000000080019c6       0x22 ./Drivers/STM32WLxx_HAL_Driver/stm32wlxx_hal_rcc.o
 .text.LL_RCC_PLL_GetN
                0x00000000080019e8       0x18 ./Drivers/STM32WLxx_HAL_Driver/stm32wlxx_hal_rcc.o
 .text.LL_RCC_PLL_GetR
                0x0000000008001a00       0x16 ./Drivers/STM32WLxx_HAL_Driver/stm32wlxx_hal_rcc.o
 .text.LL_RCC_PLL_GetDivider
                0x0000000008001a16       0x16 ./Drivers/STM32WLxx_HAL_Driver/stm32wlxx_hal_rcc.o
 .text.LL_RCC_PLL_GetMainSource
                0x0000000008001a2c       0x16 ./Drivers/STM32WLxx_HAL_Driver/stm32wlxx_hal_rcc.o
 .text.LL_RCC_IsActiveFlag_HPRE
                0x0000000008001a42       0x22 ./Drivers/STM32WLxx_HAL_Driver/stm32wlxx_hal_rcc.o
 .text.LL_RCC_IsActiveFlag_SHDHPRE
                0x0000000008001a64       0x24 ./Drivers/STM32WLxx_HAL_Driver/stm32wlxx_hal_rcc.o
 .text.LL_RCC_IsActiveFlag_PPRE1
                0x0000000008001a88       0x22 ./Drivers/STM32WLxx_HAL_Driver/stm32wlxx_hal_rcc.o
 .text.LL_RCC_IsActiveFlag_PPRE2
                0x0000000008001aaa       0x22 ./Drivers/STM32WLxx_HAL_Driver/stm32wlxx_hal_rcc.o
 .text.HAL_RCC_OscConfig
                0x0000000008001acc      0x738 ./Drivers/STM32WLxx_HAL_Driver/stm32wlxx_hal_rcc.o
                0x0000000008001acc                HAL_RCC_OscConfig
 .text.HAL_RCC_ClockConfig
                0x0000000008002204      0x248 ./Drivers/STM32WLxx_HAL_Driver/stm32wlxx_hal_rcc.o
                0x0000000008002204                HAL_RCC_ClockConfig
 .text.HAL_RCC_GetSysClockFreq
                0x000000000800244c      0x140 ./Drivers/STM32WLxx_HAL_Driver/stm32wlxx_hal_rcc.o
                0x000000000800244c                HAL_RCC_GetSysClockFreq
 .text.HAL_RCC_GetHCLKFreq
                0x000000000800258c       0x28 ./Drivers/STM32WLxx_HAL_Driver/stm32wlxx_hal_rcc.o
                0x000000000800258c                HAL_RCC_GetHCLKFreq
 .text.RCC_SetFlashLatencyFromMSIRange
                0x00000000080025b4       0x60 ./Drivers/STM32WLxx_HAL_Driver/stm32wlxx_hal_rcc.o
 .text.RCC_SetFlashLatency
                0x0000000008002614      0x104 ./Drivers/STM32WLxx_HAL_Driver/stm32wlxx_hal_rcc.o
 .text.LL_RCC_LSE_IsReady
                0x0000000008002718       0x22 ./Drivers/STM32WLxx_HAL_Driver/stm32wlxx_hal_rcc_ex.o
 .text.LL_RCC_SetUSARTClockSource
                0x000000000800273a       0x30 ./Drivers/STM32WLxx_HAL_Driver/stm32wlxx_hal_rcc_ex.o
 .text.LL_RCC_SetI2SClockSource
                0x000000000800276a       0x2a ./Drivers/STM32WLxx_HAL_Driver/stm32wlxx_hal_rcc_ex.o
 .text.LL_RCC_SetLPUARTClockSource
                0x0000000008002794       0x2a ./Drivers/STM32WLxx_HAL_Driver/stm32wlxx_hal_rcc_ex.o
 .text.LL_RCC_SetI2CClockSource
                0x00000000080027be       0x38 ./Drivers/STM32WLxx_HAL_Driver/stm32wlxx_hal_rcc_ex.o
 .text.LL_RCC_SetLPTIMClockSource
                0x00000000080027f6       0x32 ./Drivers/STM32WLxx_HAL_Driver/stm32wlxx_hal_rcc_ex.o
 .text.LL_RCC_SetRNGClockSource
                0x0000000008002828       0x2a ./Drivers/STM32WLxx_HAL_Driver/stm32wlxx_hal_rcc_ex.o
 .text.LL_RCC_SetADCClockSource
                0x0000000008002852       0x2a ./Drivers/STM32WLxx_HAL_Driver/stm32wlxx_hal_rcc_ex.o
 .text.LL_RCC_SetRTCClockSource
                0x000000000800287c       0x2a ./Drivers/STM32WLxx_HAL_Driver/stm32wlxx_hal_rcc_ex.o
 .text.LL_RCC_GetRTCClockSource
                0x00000000080028a6       0x18 ./Drivers/STM32WLxx_HAL_Driver/stm32wlxx_hal_rcc_ex.o
 .text.LL_RCC_ForceBackupDomainReset
                0x00000000080028be       0x20 ./Drivers/STM32WLxx_HAL_Driver/stm32wlxx_hal_rcc_ex.o
 .text.LL_RCC_ReleaseBackupDomainReset
                0x00000000080028de       0x20 ./Drivers/STM32WLxx_HAL_Driver/stm32wlxx_hal_rcc_ex.o
 *fill*         0x00000000080028fe        0x2 
 .text.HAL_RCCEx_PeriphCLKConfig
                0x0000000008002900      0x240 ./Drivers/STM32WLxx_HAL_Driver/stm32wlxx_hal_rcc_ex.o
                0x0000000008002900                HAL_RCCEx_PeriphCLKConfig
 .text.makeFreeRtosPriority
                0x0000000008002b40       0x2e ./Middlewares/FreeRTOS/CMSIS_RTOS/cmsis_os.o
 .text.osKernelStart
                0x0000000008002b6e        0xe ./Middlewares/FreeRTOS/CMSIS_RTOS/cmsis_os.o
                0x0000000008002b6e                osKernelStart
 .text.osThreadCreate
                0x0000000008002b7c       0x98 ./Middlewares/FreeRTOS/CMSIS_RTOS/cmsis_os.o
                0x0000000008002b7c                osThreadCreate
 .text.osDelay  0x0000000008002c14       0x28 ./Middlewares/FreeRTOS/CMSIS_RTOS/cmsis_os.o
                0x0000000008002c14                osDelay
 .text.vListInitialise
                0x0000000008002c3c       0x3e ./Middlewares/FreeRTOS/list.o
                0x0000000008002c3c                vListInitialise
 .text.vListInitialiseItem
                0x0000000008002c7a       0x18 ./Middlewares/FreeRTOS/list.o
                0x0000000008002c7a                vListInitialiseItem
 .text.vListInsertEnd
                0x0000000008002c92       0x46 ./Middlewares/FreeRTOS/list.o
                0x0000000008002c92                vListInsertEnd
 .text.vListInsert
                0x0000000008002cd8       0x70 ./Middlewares/FreeRTOS/list.o
                0x0000000008002cd8                vListInsert
 .text.uxListRemove
                0x0000000008002d48       0x52 ./Middlewares/FreeRTOS/list.o
                0x0000000008002d48                uxListRemove
 .text.xTaskCreateStatic
                0x0000000008002d9a       0xba ./Middlewares/FreeRTOS/tasks.o
                0x0000000008002d9a                xTaskCreateStatic
 .text.xTaskCreate
                0x0000000008002e54       0x8a ./Middlewares/FreeRTOS/tasks.o
                0x0000000008002e54                xTaskCreate
 .text.prvInitialiseNewTask
                0x0000000008002ede      0x10e ./Middlewares/FreeRTOS/tasks.o
 .text.prvAddNewTaskToReadyList
                0x0000000008002fec       0xd4 ./Middlewares/FreeRTOS/tasks.o
 .text.vTaskDelay
                0x00000000080030c0       0x68 ./Middlewares/FreeRTOS/tasks.o
                0x00000000080030c0                vTaskDelay
 .text.vTaskStartScheduler
                0x0000000008003128       0xc0 ./Middlewares/FreeRTOS/tasks.o
                0x0000000008003128                vTaskStartScheduler
 .text.vTaskSuspendAll
                0x00000000080031e8       0x1c ./Middlewares/FreeRTOS/tasks.o
                0x00000000080031e8                vTaskSuspendAll
 .text.prvGetExpectedIdleTime
                0x0000000008003204       0x74 ./Middlewares/FreeRTOS/tasks.o
 .text.xTaskResumeAll
                0x0000000008003278      0x138 ./Middlewares/FreeRTOS/tasks.o
                0x0000000008003278                xTaskResumeAll
 .text.vTaskStepTick
                0x00000000080033b0       0x4c ./Middlewares/FreeRTOS/tasks.o
                0x00000000080033b0                vTaskStepTick
 .text.xTaskIncrementTick
                0x00000000080033fc      0x170 ./Middlewares/FreeRTOS/tasks.o
                0x00000000080033fc                xTaskIncrementTick
 .text.vTaskSwitchContext
                0x000000000800356c       0xb4 ./Middlewares/FreeRTOS/tasks.o
                0x000000000800356c                vTaskSwitchContext
 .text.prvIdleTask
                0x0000000008003620       0x80 ./Middlewares/FreeRTOS/tasks.o
 .text.eTaskConfirmSleepModeStatus
                0x00000000080036a0       0x5c ./Middlewares/FreeRTOS/tasks.o
                0x00000000080036a0                eTaskConfirmSleepModeStatus
 .text.prvInitialiseTaskLists
                0x00000000080036fc       0x80 ./Middlewares/FreeRTOS/tasks.o
 .text.prvCheckTasksWaitingTermination
                0x000000000800377c       0x5c ./Middlewares/FreeRTOS/tasks.o
 .text.prvDeleteTCB
                0x00000000080037d8       0x5e ./Middlewares/FreeRTOS/tasks.o
 *fill*         0x0000000008003836        0x2 
 .text.prvResetNextTaskUnblockTime
                0x0000000008003838       0x40 ./Middlewares/FreeRTOS/tasks.o
 .text.xTaskGetSchedulerState
                0x0000000008003878       0x3c ./Middlewares/FreeRTOS/tasks.o
                0x0000000008003878                xTaskGetSchedulerState
 .text.prvAddCurrentTaskToDelayedList
                0x00000000080038b4       0xcc ./Middlewares/FreeRTOS/tasks.o
 .text.pxPortInitialiseStack
                0x0000000008003980       0x58 ./Middlewares/FreeRTOS/prortable/GCC/ARM_CM3/port.o
                0x0000000008003980                pxPortInitialiseStack
 .text.prvTaskExitError
                0x00000000080039d8       0x58 ./Middlewares/FreeRTOS/prortable/GCC/ARM_CM3/port.o
 .text.SVC_Handler
                0x0000000008003a30       0x28 ./Middlewares/FreeRTOS/prortable/GCC/ARM_CM3/port.o
                0x0000000008003a30                SVC_Handler
 .text.prvPortStartFirstTask
                0x0000000008003a58       0x20 ./Middlewares/FreeRTOS/prortable/GCC/ARM_CM3/port.o
 .text.xPortStartScheduler
                0x0000000008003a78       0xe4 ./Middlewares/FreeRTOS/prortable/GCC/ARM_CM3/port.o
                0x0000000008003a78                xPortStartScheduler
 .text.vPortEnterCritical
                0x0000000008003b5c       0x60 ./Middlewares/FreeRTOS/prortable/GCC/ARM_CM3/port.o
                0x0000000008003b5c                vPortEnterCritical
 .text.vPortExitCritical
                0x0000000008003bbc       0x50 ./Middlewares/FreeRTOS/prortable/GCC/ARM_CM3/port.o
                0x0000000008003bbc                vPortExitCritical
 *fill*         0x0000000008003c0c        0x4 
 .text.PendSV_Handler
                0x0000000008003c10       0x48 ./Middlewares/FreeRTOS/prortable/GCC/ARM_CM3/port.o
                0x0000000008003c10                PendSV_Handler
 .text.xPortSysTickHandler
                0x0000000008003c58       0x44 ./Middlewares/FreeRTOS/prortable/GCC/ARM_CM3/port.o
                0x0000000008003c58                xPortSysTickHandler
 .text.vPortSuppressTicksAndSleep
                0x0000000008003c9c      0x198 ./Middlewares/FreeRTOS/prortable/GCC/ARM_CM3/port.o
                0x0000000008003c9c                vPortSuppressTicksAndSleep
 .text.vPortSetupTimerInterrupt
                0x0000000008003e34       0x78 ./Middlewares/FreeRTOS/prortable/GCC/ARM_CM3/port.o
                0x0000000008003e34                vPortSetupTimerInterrupt
 .text.pvPortMalloc
                0x0000000008003eac      0x188 ./Middlewares/FreeRTOS/prortable/MemMang/heap_4.o
                0x0000000008003eac                pvPortMalloc
 .text.vPortFree
                0x0000000008004034       0xb4 ./Middlewares/FreeRTOS/prortable/MemMang/heap_4.o
                0x0000000008004034                vPortFree
 .text.prvHeapInit
                0x00000000080040e8       0xc4 ./Middlewares/FreeRTOS/prortable/MemMang/heap_4.o
 .text.prvInsertBlockIntoFreeList
                0x00000000080041ac       0xb0 ./Middlewares/FreeRTOS/prortable/MemMang/heap_4.o
 .text.__libc_init_array
                0x000000000800425c       0x48 c:/st/stm32cubeide_1.11.2/stm32cubeide/plugins/com.st.stm32cube.ide.mcu.externaltools.gnu-tools-for-stm32.10.3-2021.10.win32_1.0.100.202210260954/tools/bin/../lib/gcc/arm-none-eabi/10.3.1/../../../../arm-none-eabi/lib/thumb/v7e-m/nofp\libc_nano.a(lib_a-init.o)
                0x000000000800425c                __libc_init_array
 .text.memset   0x00000000080042a4       0x10 c:/st/stm32cubeide_1.11.2/stm32cubeide/plugins/com.st.stm32cube.ide.mcu.externaltools.gnu-tools-for-stm32.10.3-2021.10.win32_1.0.100.202210260954/tools/bin/../lib/gcc/arm-none-eabi/10.3.1/../../../../arm-none-eabi/lib/thumb/v7e-m/nofp\libc_nano.a(lib_a-memset.o)
                0x00000000080042a4                memset
 *(.glue_7)
 .glue_7        0x00000000080042b4        0x0 linker stubs
 *(.glue_7t)
 .glue_7t       0x00000000080042b4        0x0 linker stubs
 *(.eh_frame)
 .eh_frame      0x00000000080042b4        0x0 c:/st/stm32cubeide_1.11.2/stm32cubeide/plugins/com.st.stm32cube.ide.mcu.externaltools.gnu-tools-for-stm32.10.3-2021.10.win32_1.0.100.202210260954/tools/bin/../lib/gcc/arm-none-eabi/10.3.1/thumb/v7e-m/nofp/crtbegin.o
 *(.init)
 .init          0x00000000080042b4        0x4 c:/st/stm32cubeide_1.11.2/stm32cubeide/plugins/com.st.stm32cube.ide.mcu.externaltools.gnu-tools-for-stm32.10.3-2021.10.win32_1.0.100.202210260954/tools/bin/../lib/gcc/arm-none-eabi/10.3.1/thumb/v7e-m/nofp/crti.o
                0x00000000080042b4                _init
 .init          0x00000000080042b8        0x8 c:/st/stm32cubeide_1.11.2/stm32cubeide/plugins/com.st.stm32cube.ide.mcu.externaltools.gnu-tools-for-stm32.10.3-2021.10.win32_1.0.100.202210260954/tools/bin/../lib/gcc/arm-none-eabi/10.3.1/thumb/v7e-m/nofp/crtn.o
 *(.fini)
 .fini          0x00000000080042c0        0x4 c:/st/stm32cubeide_1.11.2/stm32cubeide/plugins/com.st.stm32cube.ide.mcu.externaltools.gnu-tools-for-stm32.10.3-2021.10.win32_1.0.100.202210260954/tools/bin/../lib/gcc/arm-none-eabi/10.3.1/thumb/v7e-m/nofp/crti.o
                0x00000000080042c0                _fini
 .fini          0x00000000080042c4        0x8 c:/st/stm32cubeide_1.11.2/stm32cubeide/plugins/com.st.stm32cube.ide.mcu.externaltools.gnu-tools-for-stm32.10.3-2021.10.win32_1.0.100.202210260954/tools/bin/../lib/gcc/arm-none-eabi/10.3.1/thumb/v7e-m/nofp/crtn.o
                0x00000000080042cc                . = ALIGN (0x4)
                0x00000000080042cc                _etext = .

.vfp11_veneer   0x00000000080042cc        0x0
 .vfp11_veneer  0x00000000080042cc        0x0 linker stubs

.v4_bx          0x00000000080042cc        0x0
 .v4_bx         0x00000000080042cc        0x0 linker stubs

.iplt           0x00000000080042cc        0x0
 .iplt          0x00000000080042cc        0x0 c:/st/stm32cubeide_1.11.2/stm32cubeide/plugins/com.st.stm32cube.ide.mcu.externaltools.gnu-tools-for-stm32.10.3-2021.10.win32_1.0.100.202210260954/tools/bin/../lib/gcc/arm-none-eabi/10.3.1/thumb/v7e-m/nofp/crtbegin.o

.rodata         0x00000000080042cc       0xcc
                0x00000000080042cc                . = ALIGN (0x4)
 *(.rodata)
 .rodata        0x00000000080042cc       0x28 ./Core/Src/main.o
 .rodata        0x00000000080042f4       0x1c ./Drivers/STM32WLxx_HAL_Driver/stm32wlxx_hal_rcc.o
 .rodata        0x0000000008004310        0x5 ./Middlewares/FreeRTOS/tasks.o
 *(.rodata*)
 *fill*         0x0000000008004315        0x3 
 .rodata.AHBPrescTable
                0x0000000008004318       0x40 ./Core/Src/system_stm32wlxx.o
                0x0000000008004318                AHBPrescTable
 .rodata.MSIRangeTable
                0x0000000008004358       0x40 ./Core/Src/system_stm32wlxx.o
                0x0000000008004358                MSIRangeTable
                0x0000000008004398                . = ALIGN (0x4)

.rel.dyn        0x0000000008004398        0x0
 .rel.iplt      0x0000000008004398        0x0 c:/st/stm32cubeide_1.11.2/stm32cubeide/plugins/com.st.stm32cube.ide.mcu.externaltools.gnu-tools-for-stm32.10.3-2021.10.win32_1.0.100.202210260954/tools/bin/../lib/gcc/arm-none-eabi/10.3.1/thumb/v7e-m/nofp/crtbegin.o

.ARM.extab      0x0000000008004398        0x0
                0x0000000008004398                . = ALIGN (0x4)
 *(.ARM.extab* .gnu.linkonce.armextab.*)
                0x0000000008004398                . = ALIGN (0x4)

.ARM            0x0000000008004398        0x0
                0x0000000008004398                . = ALIGN (0x4)
                0x0000000008004398                __exidx_start = .
 *(.ARM.exidx*)
                0x0000000008004398                __exidx_end = .
                0x0000000008004398                . = ALIGN (0x4)

.preinit_array  0x0000000008004398        0x0
                0x0000000008004398                . = ALIGN (0x4)
                0x0000000008004398                PROVIDE (__preinit_array_start = .)
 *(.preinit_array*)
                0x0000000008004398                PROVIDE (__preinit_array_end = .)
                0x0000000008004398                . = ALIGN (0x4)

.init_array     0x0000000008004398        0x4
                0x0000000008004398                . = ALIGN (0x4)
                0x0000000008004398                PROVIDE (__init_array_start = .)
 *(SORT_BY_NAME(.init_array.*))
 *(.init_array*)
 .init_array    0x0000000008004398        0x4 c:/st/stm32cubeide_1.11.2/stm32cubeide/plugins/com.st.stm32cube.ide.mcu.externaltools.gnu-tools-for-stm32.10.3-2021.10.win32_1.0.100.202210260954/tools/bin/../lib/gcc/arm-none-eabi/10.3.1/thumb/v7e-m/nofp/crtbegin.o
                0x000000000800439c                PROVIDE (__init_array_end = .)
                0x000000000800439c                . = ALIGN (0x4)

.fini_array     0x000000000800439c        0x4
                0x000000000800439c                . = ALIGN (0x4)
                [!provide]                        PROVIDE (__fini_array_start = .)
 *(SORT_BY_NAME(.fini_array.*))
 *(.fini_array*)
 .fini_array    0x000000000800439c        0x4 c:/st/stm32cubeide_1.11.2/stm32cubeide/plugins/com.st.stm32cube.ide.mcu.externaltools.gnu-tools-for-stm32.10.3-2021.10.win32_1.0.100.202210260954/tools/bin/../lib/gcc/arm-none-eabi/10.3.1/thumb/v7e-m/nofp/crtbegin.o
                [!provide]                        PROVIDE (__fini_array_end = .)
                0x00000000080043a0                . = ALIGN (0x4)
                0x00000000080043a0                _sidata = LOADADDR (.data)

.data           0x0000000020000000       0x10 load address 0x00000000080043a0
                0x0000000020000000                . = ALIGN (0x4)
                0x0000000020000000                _sdata = .
 *(.data)
 *(.data*)
 .data.SystemCoreClock
                0x0000000020000000        0x4 ./Core/Src/system_stm32wlxx.o
                0x0000000020000000                SystemCoreClock
 .data.uwTickPrio
                0x0000000020000004        0x4 ./Drivers/STM32WLxx_HAL_Driver/stm32wlxx_hal.o
                0x0000000020000004                uwTickPrio
 .data.uwTickFreq
                0x0000000020000008        0x1 ./Drivers/STM32WLxx_HAL_Driver/stm32wlxx_hal.o
                0x0000000020000008                uwTickFreq
 *fill*         0x0000000020000009        0x3 
 .data.uxCriticalNesting
                0x000000002000000c        0x4 ./Middlewares/FreeRTOS/prortable/GCC/ARM_CM3/port.o
 *(.RamFunc)
 *(.RamFunc*)
                0x0000000020000010                . = ALIGN (0x4)
                0x0000000020000010                _edata = .

.igot.plt       0x0000000020000010        0x0 load address 0x00000000080043b0
 .igot.plt      0x0000000020000010        0x0 c:/st/stm32cubeide_1.11.2/stm32cubeide/plugins/com.st.stm32cube.ide.mcu.externaltools.gnu-tools-for-stm32.10.3-2021.10.win32_1.0.100.202210260954/tools/bin/../lib/gcc/arm-none-eabi/10.3.1/thumb/v7e-m/nofp/crtbegin.o
                0x0000000020000010                . = ALIGN (0x4)

.bss            0x0000000020000010     0x100c load address 0x00000000080043b0
                0x0000000020000010                _sbss = .
                0x0000000020000010                __bss_start__ = _sbss
 *(.bss)
 .bss           0x0000000020000010       0x1c c:/st/stm32cubeide_1.11.2/stm32cubeide/plugins/com.st.stm32cube.ide.mcu.externaltools.gnu-tools-for-stm32.10.3-2021.10.win32_1.0.100.202210260954/tools/bin/../lib/gcc/arm-none-eabi/10.3.1/thumb/v7e-m/nofp/crtbegin.o
 *(.bss*)
 .bss.xIdleTaskTCBBuffer
                0x000000002000002c       0x54 ./Core/Src/app_freertos.o
 .bss.xIdleStack
                0x0000000020000080      0x200 ./Core/Src/app_freertos.o
 .bss.hlptim1   0x0000000020000280       0x3c ./Core/Src/main.o
                0x0000000020000280                hlptim1
 .bss.LED_TaskHandle
                0x00000000200002bc        0x4 ./Core/Src/main.o
                0x00000000200002bc                LED_TaskHandle
 .bss.uwTick    0x00000000200002c0        0x4 ./Drivers/STM32WLxx_HAL_Driver/stm32wlxx_hal.o
                0x00000000200002c0                uwTick
 .bss.pxCurrentTCB
                0x00000000200002c4        0x4 ./Middlewares/FreeRTOS/tasks.o
                0x00000000200002c4                pxCurrentTCB
 .bss.pxReadyTasksLists
                0x00000000200002c8       0x8c ./Middlewares/FreeRTOS/tasks.o
 .bss.xDelayedTaskList1
                0x0000000020000354       0x14 ./Middlewares/FreeRTOS/tasks.o
 .bss.xDelayedTaskList2
                0x0000000020000368       0x14 ./Middlewares/FreeRTOS/tasks.o
 .bss.pxDelayedTaskList
                0x000000002000037c        0x4 ./Middlewares/FreeRTOS/tasks.o
 .bss.pxOverflowDelayedTaskList
                0x0000000020000380        0x4 ./Middlewares/FreeRTOS/tasks.o
 .bss.xPendingReadyList
                0x0000000020000384       0x14 ./Middlewares/FreeRTOS/tasks.o
 .bss.xTasksWaitingTermination
                0x0000000020000398       0x14 ./Middlewares/FreeRTOS/tasks.o
 .bss.uxDeletedTasksWaitingCleanUp
                0x00000000200003ac        0x4 ./Middlewares/FreeRTOS/tasks.o
 .bss.xSuspendedTaskList
                0x00000000200003b0       0x14 ./Middlewares/FreeRTOS/tasks.o
 .bss.uxCurrentNumberOfTasks
                0x00000000200003c4        0x4 ./Middlewares/FreeRTOS/tasks.o
 .bss.xTickCount
                0x00000000200003c8        0x4 ./Middlewares/FreeRTOS/tasks.o
 .bss.uxTopReadyPriority
                0x00000000200003cc        0x4 ./Middlewares/FreeRTOS/tasks.o
 .bss.xSchedulerRunning
                0x00000000200003d0        0x4 ./Middlewares/FreeRTOS/tasks.o
 .bss.uxPendedTicks
                0x00000000200003d4        0x4 ./Middlewares/FreeRTOS/tasks.o
 .bss.xYieldPending
                0x00000000200003d8        0x4 ./Middlewares/FreeRTOS/tasks.o
 .bss.xNumOfOverflows
                0x00000000200003dc        0x4 ./Middlewares/FreeRTOS/tasks.o
 .bss.uxTaskNumber
                0x00000000200003e0        0x4 ./Middlewares/FreeRTOS/tasks.o
 .bss.xNextTaskUnblockTime
                0x00000000200003e4        0x4 ./Middlewares/FreeRTOS/tasks.o
 .bss.xIdleTaskHandle
                0x00000000200003e8        0x4 ./Middlewares/FreeRTOS/tasks.o
 .bss.uxSchedulerSuspended
                0x00000000200003ec        0x4 ./Middlewares/FreeRTOS/tasks.o
 .bss.ulTimerCountsForOneTick
                0x00000000200003f0        0x4 ./Middlewares/FreeRTOS/prortable/GCC/ARM_CM3/port.o
 .bss.xMaximumPossibleSuppressedTicks
                0x00000000200003f4        0x4 ./Middlewares/FreeRTOS/prortable/GCC/ARM_CM3/port.o
 .bss.ulStoppedTimerCompensation
                0x00000000200003f8        0x4 ./Middlewares/FreeRTOS/prortable/GCC/ARM_CM3/port.o
 .bss.ucMaxSysCallPriority
                0x00000000200003fc        0x1 ./Middlewares/FreeRTOS/prortable/GCC/ARM_CM3/port.o
 *fill*         0x00000000200003fd        0x3 
 .bss.ulMaxPRIGROUPValue
                0x0000000020000400        0x4 ./Middlewares/FreeRTOS/prortable/GCC/ARM_CM3/port.o
 .bss.ucHeap    0x0000000020000404      0xc00 ./Middlewares/FreeRTOS/prortable/MemMang/heap_4.o
 .bss.xStart    0x0000000020001004        0x8 ./Middlewares/FreeRTOS/prortable/MemMang/heap_4.o
 .bss.pxEnd     0x000000002000100c        0x4 ./Middlewares/FreeRTOS/prortable/MemMang/heap_4.o
 .bss.xFreeBytesRemaining
                0x0000000020001010        0x4 ./Middlewares/FreeRTOS/prortable/MemMang/heap_4.o
 .bss.xMinimumEverFreeBytesRemaining
                0x0000000020001014        0x4 ./Middlewares/FreeRTOS/prortable/MemMang/heap_4.o
 .bss.xBlockAllocatedBit
                0x0000000020001018        0x4 ./Middlewares/FreeRTOS/prortable/MemMang/heap_4.o
 *(COMMON)
                0x000000002000101c                . = ALIGN (0x4)
                0x000000002000101c                _ebss = .
                0x000000002000101c                __bss_end__ = _ebss

._user_heap_stack
                0x000000002000101c      0x604 load address 0x00000000080043b0
                0x0000000020001020                . = ALIGN (0x8)
 *fill*         0x000000002000101c        0x4 
                [!provide]                        PROVIDE (end = .)
                0x0000000020001020                PROVIDE (_end = .)
                0x0000000020001220                . = (. + _Min_Heap_Size)
 *fill*         0x0000000020001020      0x200 
                0x0000000020001620                . = (. + _Min_Stack_Size)
 *fill*         0x0000000020001220      0x400 
                0x0000000020001620                . = ALIGN (0x8)

/DISCARD/
 libc.a(*)
 libm.a(*)
 libgcc.a(*)

.ARM.attributes
                0x0000000000000000       0x2a
 *(.ARM.attributes)
 .ARM.attributes
                0x0000000000000000       0x1e c:/st/stm32cubeide_1.11.2/stm32cubeide/plugins/com.st.stm32cube.ide.mcu.externaltools.gnu-tools-for-stm32.10.3-2021.10.win32_1.0.100.202210260954/tools/bin/../lib/gcc/arm-none-eabi/10.3.1/thumb/v7e-m/nofp/crti.o
 .ARM.attributes
                0x000000000000001e       0x2e c:/st/stm32cubeide_1.11.2/stm32cubeide/plugins/com.st.stm32cube.ide.mcu.externaltools.gnu-tools-for-stm32.10.3-2021.10.win32_1.0.100.202210260954/tools/bin/../lib/gcc/arm-none-eabi/10.3.1/thumb/v7e-m/nofp/crtbegin.o
 .ARM.attributes
                0x000000000000004c       0x2e ./Core/Src/app_freertos.o
 .ARM.attributes
                0x000000000000007a       0x2e ./Core/Src/main.o
 .ARM.attributes
                0x00000000000000a8       0x2e ./Core/Src/stm32wlxx_hal_msp.o
 .ARM.attributes
                0x00000000000000d6       0x2e ./Core/Src/stm32wlxx_it.o
 .ARM.attributes
                0x0000000000000104       0x2e ./Core/Src/system_stm32wlxx.o
 .ARM.attributes
                0x0000000000000132       0x21 ./Core/Startup/startup_stm32wle5jcix.o
 .ARM.attributes
                0x0000000000000153       0x2e ./Drivers/STM32WLxx_HAL_Driver/stm32wlxx_hal.o
 .ARM.attributes
                0x0000000000000181       0x2e ./Drivers/STM32WLxx_HAL_Driver/stm32wlxx_hal_cortex.o
 .ARM.attributes
                0x00000000000001af       0x2e ./Drivers/STM32WLxx_HAL_Driver/stm32wlxx_hal_gpio.o
 .ARM.attributes
                0x00000000000001dd       0x2e ./Drivers/STM32WLxx_HAL_Driver/stm32wlxx_hal_lptim.o
 .ARM.attributes
                0x000000000000020b       0x2e ./Drivers/STM32WLxx_HAL_Driver/stm32wlxx_hal_pwr.o
 .ARM.attributes
                0x0000000000000239       0x2e ./Drivers/STM32WLxx_HAL_Driver/stm32wlxx_hal_pwr_ex.o
 .ARM.attributes
                0x0000000000000267       0x2e ./Drivers/STM32WLxx_HAL_Driver/stm32wlxx_hal_rcc.o
 .ARM.attributes
                0x0000000000000295       0x2e ./Drivers/STM32WLxx_HAL_Driver/stm32wlxx_hal_rcc_ex.o
 .ARM.attributes
                0x00000000000002c3       0x2e ./Middlewares/FreeRTOS/CMSIS_RTOS/cmsis_os.o
 .ARM.attributes
                0x00000000000002f1       0x2e ./Middlewares/FreeRTOS/list.o
 .ARM.attributes
                0x000000000000031f       0x2e ./Middlewares/FreeRTOS/tasks.o
 .ARM.attributes
                0x000000000000034d       0x2e ./Middlewares/FreeRTOS/prortable/GCC/ARM_CM3/port.o
 .ARM.attributes
                0x000000000000037b       0x2e ./Middlewares/FreeRTOS/prortable/MemMang/heap_4.o
 .ARM.attributes
                0x00000000000003a9       0x2e c:/st/stm32cubeide_1.11.2/stm32cubeide/plugins/com.st.stm32cube.ide.mcu.externaltools.gnu-tools-for-stm32.10.3-2021.10.win32_1.0.100.202210260954/tools/bin/../lib/gcc/arm-none-eabi/10.3.1/../../../../arm-none-eabi/lib/thumb/v7e-m/nofp\libc_nano.a(lib_a-init.o)
 .ARM.attributes
                0x00000000000003d7       0x2e c:/st/stm32cubeide_1.11.2/stm32cubeide/plugins/com.st.stm32cube.ide.mcu.externaltools.gnu-tools-for-stm32.10.3-2021.10.win32_1.0.100.202210260954/tools/bin/../lib/gcc/arm-none-eabi/10.3.1/../../../../arm-none-eabi/lib/thumb/v7e-m/nofp\libc_nano.a(lib_a-memset.o)
 .ARM.attributes
                0x0000000000000405       0x1e c:/st/stm32cubeide_1.11.2/stm32cubeide/plugins/com.st.stm32cube.ide.mcu.externaltools.gnu-tools-for-stm32.10.3-2021.10.win32_1.0.100.202210260954/tools/bin/../lib/gcc/arm-none-eabi/10.3.1/thumb/v7e-m/nofp/crtn.o
OUTPUT(FreeRTOS_LowPower.elf elf32-littlearm)
LOAD linker stubs
LOAD c:/st/stm32cubeide_1.11.2/stm32cubeide/plugins/com.st.stm32cube.ide.mcu.externaltools.gnu-tools-for-stm32.10.3-2021.10.win32_1.0.100.202210260954/tools/bin/../lib/gcc/arm-none-eabi/10.3.1/../../../../arm-none-eabi/lib/thumb/v7e-m/nofp\libc.a
LOAD c:/st/stm32cubeide_1.11.2/stm32cubeide/plugins/com.st.stm32cube.ide.mcu.externaltools.gnu-tools-for-stm32.10.3-2021.10.win32_1.0.100.202210260954/tools/bin/../lib/gcc/arm-none-eabi/10.3.1/../../../../arm-none-eabi/lib/thumb/v7e-m/nofp\libm.a
LOAD c:/st/stm32cubeide_1.11.2/stm32cubeide/plugins/com.st.stm32cube.ide.mcu.externaltools.gnu-tools-for-stm32.10.3-2021.10.win32_1.0.100.202210260954/tools/bin/../lib/gcc/arm-none-eabi/10.3.1/thumb/v7e-m/nofp\libgcc.a

.debug_info     0x0000000000000000     0xde21
 .debug_info    0x0000000000000000      0x63a ./Core/Src/app_freertos.o
 .debug_info    0x000000000000063a      0xfda ./Core/Src/main.o
 .debug_info    0x0000000000001614      0x9b5 ./Core/Src/stm32wlxx_hal_msp.o
 .debug_info    0x0000000000001fc9      0x48b ./Core/Src/stm32wlxx_it.o
 .debug_info    0x0000000000002454      0x452 ./Core/Src/system_stm32wlxx.o
 .debug_info    0x00000000000028a6       0x22 ./Core/Startup/startup_stm32wle5jcix.o
 .debug_info    0x00000000000028c8      0xf14 ./Drivers/STM32WLxx_HAL_Driver/stm32wlxx_hal.o
 .debug_info    0x00000000000037dc      0xdb1 ./Drivers/STM32WLxx_HAL_Driver/stm32wlxx_hal_cortex.o
 .debug_info    0x000000000000458d      0x680 ./Drivers/STM32WLxx_HAL_Driver/stm32wlxx_hal_gpio.o
 .debug_info    0x0000000000004c0d     0x1201 ./Drivers/STM32WLxx_HAL_Driver/stm32wlxx_hal_lptim.o
 .debug_info    0x0000000000005e0e      0x881 ./Drivers/STM32WLxx_HAL_Driver/stm32wlxx_hal_pwr.o
 .debug_info    0x000000000000668f      0xd26 ./Drivers/STM32WLxx_HAL_Driver/stm32wlxx_hal_pwr_ex.o
 .debug_info    0x00000000000073b5     0x1295 ./Drivers/STM32WLxx_HAL_Driver/stm32wlxx_hal_rcc.o
 .debug_info    0x000000000000864a     0x1077 ./Drivers/STM32WLxx_HAL_Driver/stm32wlxx_hal_rcc_ex.o
 .debug_info    0x00000000000096c1     0x1c43 ./Middlewares/FreeRTOS/CMSIS_RTOS/cmsis_os.o
 .debug_info    0x000000000000b304      0x2d1 ./Middlewares/FreeRTOS/list.o
 .debug_info    0x000000000000b5d5     0x1e79 ./Middlewares/FreeRTOS/tasks.o
 .debug_info    0x000000000000d44e      0x5eb ./Middlewares/FreeRTOS/prortable/GCC/ARM_CM3/port.o
 .debug_info    0x000000000000da39      0x3e8 ./Middlewares/FreeRTOS/prortable/MemMang/heap_4.o

.debug_abbrev   0x0000000000000000     0x2ac7
 .debug_abbrev  0x0000000000000000      0x1c6 ./Core/Src/app_freertos.o
 .debug_abbrev  0x00000000000001c6      0x2e1 ./Core/Src/main.o
 .debug_abbrev  0x00000000000004a7      0x1fc ./Core/Src/stm32wlxx_hal_msp.o
 .debug_abbrev  0x00000000000006a3      0x190 ./Core/Src/stm32wlxx_it.o
 .debug_abbrev  0x0000000000000833      0x138 ./Core/Src/system_stm32wlxx.o
 .debug_abbrev  0x000000000000096b       0x12 ./Core/Startup/startup_stm32wle5jcix.o
 .debug_abbrev  0x000000000000097d      0x30b ./Drivers/STM32WLxx_HAL_Driver/stm32wlxx_hal.o
 .debug_abbrev  0x0000000000000c88      0x2d5 ./Drivers/STM32WLxx_HAL_Driver/stm32wlxx_hal_cortex.o
 .debug_abbrev  0x0000000000000f5d      0x1d9 ./Drivers/STM32WLxx_HAL_Driver/stm32wlxx_hal_gpio.o
 .debug_abbrev  0x0000000000001136      0x24b ./Drivers/STM32WLxx_HAL_Driver/stm32wlxx_hal_lptim.o
 .debug_abbrev  0x0000000000001381      0x203 ./Drivers/STM32WLxx_HAL_Driver/stm32wlxx_hal_pwr.o
 .debug_abbrev  0x0000000000001584      0x2cd ./Drivers/STM32WLxx_HAL_Driver/stm32wlxx_hal_pwr_ex.o
 .debug_abbrev  0x0000000000001851      0x308 ./Drivers/STM32WLxx_HAL_Driver/stm32wlxx_hal_rcc.o
 .debug_abbrev  0x0000000000001b59      0x2d7 ./Drivers/STM32WLxx_HAL_Driver/stm32wlxx_hal_rcc_ex.o
 .debug_abbrev  0x0000000000001e30      0x3aa ./Middlewares/FreeRTOS/CMSIS_RTOS/cmsis_os.o
 .debug_abbrev  0x00000000000021da       0xf2 ./Middlewares/FreeRTOS/list.o
 .debug_abbrev  0x00000000000022cc      0x34e ./Middlewares/FreeRTOS/tasks.o
 .debug_abbrev  0x000000000000261a      0x2ae ./Middlewares/FreeRTOS/prortable/GCC/ARM_CM3/port.o
 .debug_abbrev  0x00000000000028c8      0x1ff ./Middlewares/FreeRTOS/prortable/MemMang/heap_4.o

.debug_aranges  0x0000000000000000     0x1208
 .debug_aranges
                0x0000000000000000       0x30 ./Core/Src/app_freertos.o
 .debug_aranges
                0x0000000000000030       0x58 ./Core/Src/main.o
 .debug_aranges
                0x0000000000000088       0x40 ./Core/Src/stm32wlxx_hal_msp.o
 .debug_aranges
                0x00000000000000c8       0x58 ./Core/Src/stm32wlxx_it.o
 .debug_aranges
                0x0000000000000120       0x28 ./Core/Src/system_stm32wlxx.o
 .debug_aranges
                0x0000000000000148       0x28 ./Core/Startup/startup_stm32wle5jcix.o
 .debug_aranges
                0x0000000000000170      0x210 ./Drivers/STM32WLxx_HAL_Driver/stm32wlxx_hal.o
 .debug_aranges
                0x0000000000000380      0x118 ./Drivers/STM32WLxx_HAL_Driver/stm32wlxx_hal_cortex.o
 .debug_aranges
                0x0000000000000498       0x58 ./Drivers/STM32WLxx_HAL_Driver/stm32wlxx_hal_gpio.o
 .debug_aranges
                0x00000000000004f0      0x1a8 ./Drivers/STM32WLxx_HAL_Driver/stm32wlxx_hal_lptim.o
 .debug_aranges
                0x0000000000000698       0xc8 ./Drivers/STM32WLxx_HAL_Driver/stm32wlxx_hal_pwr.o
 .debug_aranges
                0x0000000000000760      0x1d0 ./Drivers/STM32WLxx_HAL_Driver/stm32wlxx_hal_pwr_ex.o
 .debug_aranges
                0x0000000000000930      0x238 ./Drivers/STM32WLxx_HAL_Driver/stm32wlxx_hal_rcc.o
 .debug_aranges
                0x0000000000000b68      0x1f8 ./Drivers/STM32WLxx_HAL_Driver/stm32wlxx_hal_rcc_ex.o
 .debug_aranges
                0x0000000000000d60      0x1d8 ./Middlewares/FreeRTOS/CMSIS_RTOS/cmsis_os.o
 .debug_aranges
                0x0000000000000f38       0x40 ./Middlewares/FreeRTOS/list.o
 .debug_aranges
                0x0000000000000f78      0x1c0 ./Middlewares/FreeRTOS/tasks.o
 .debug_aranges
                0x0000000000001138       0x80 ./Middlewares/FreeRTOS/prortable/GCC/ARM_CM3/port.o
 .debug_aranges
                0x00000000000011b8       0x50 ./Middlewares/FreeRTOS/prortable/MemMang/heap_4.o

.debug_ranges   0x0000000000000000     0x10e0
 .debug_ranges  0x0000000000000000       0x20 ./Core/Src/app_freertos.o
 .debug_ranges  0x0000000000000020       0x48 ./Core/Src/main.o
 .debug_ranges  0x0000000000000068       0x30 ./Core/Src/stm32wlxx_hal_msp.o
 .debug_ranges  0x0000000000000098       0x48 ./Core/Src/stm32wlxx_it.o
 .debug_ranges  0x00000000000000e0       0x18 ./Core/Src/system_stm32wlxx.o
 .debug_ranges  0x00000000000000f8       0x20 ./Core/Startup/startup_stm32wle5jcix.o
 .debug_ranges  0x0000000000000118      0x200 ./Drivers/STM32WLxx_HAL_Driver/stm32wlxx_hal.o
 .debug_ranges  0x0000000000000318      0x108 ./Drivers/STM32WLxx_HAL_Driver/stm32wlxx_hal_cortex.o
 .debug_ranges  0x0000000000000420       0x48 ./Drivers/STM32WLxx_HAL_Driver/stm32wlxx_hal_gpio.o
 .debug_ranges  0x0000000000000468      0x198 ./Drivers/STM32WLxx_HAL_Driver/stm32wlxx_hal_lptim.o
 .debug_ranges  0x0000000000000600       0xb8 ./Drivers/STM32WLxx_HAL_Driver/stm32wlxx_hal_pwr.o
 .debug_ranges  0x00000000000006b8      0x1c0 ./Drivers/STM32WLxx_HAL_Driver/stm32wlxx_hal_pwr_ex.o
 .debug_ranges  0x0000000000000878      0x228 ./Drivers/STM32WLxx_HAL_Driver/stm32wlxx_hal_rcc.o
 .debug_ranges  0x0000000000000aa0      0x1e8 ./Drivers/STM32WLxx_HAL_Driver/stm32wlxx_hal_rcc_ex.o
 .debug_ranges  0x0000000000000c88      0x1c8 ./Middlewares/FreeRTOS/CMSIS_RTOS/cmsis_os.o
 .debug_ranges  0x0000000000000e50       0x30 ./Middlewares/FreeRTOS/list.o
 .debug_ranges  0x0000000000000e80      0x1b0 ./Middlewares/FreeRTOS/tasks.o
 .debug_ranges  0x0000000000001030       0x70 ./Middlewares/FreeRTOS/prortable/GCC/ARM_CM3/port.o
 .debug_ranges  0x00000000000010a0       0x40 ./Middlewares/FreeRTOS/prortable/MemMang/heap_4.o

.debug_macro    0x0000000000000000    0x1997b
 .debug_macro   0x0000000000000000      0x26d ./Core/Src/app_freertos.o
 .debug_macro   0x000000000000026d      0xa72 ./Core/Src/app_freertos.o
 .debug_macro   0x0000000000000cdf      0x174 ./Core/Src/app_freertos.o
 .debug_macro   0x0000000000000e53       0x22 ./Core/Src/app_freertos.o
 .debug_macro   0x0000000000000e75       0x8e ./Core/Src/app_freertos.o
 .debug_macro   0x0000000000000f03       0x51 ./Core/Src/app_freertos.o
 .debug_macro   0x0000000000000f54      0x103 ./Core/Src/app_freertos.o
 .debug_macro   0x0000000000001057       0x6a ./Core/Src/app_freertos.o
 .debug_macro   0x00000000000010c1      0x1df ./Core/Src/app_freertos.o
 .debug_macro   0x00000000000012a0       0xf8 ./Core/Src/app_freertos.o
 .debug_macro   0x0000000000001398      0x15a ./Core/Src/app_freertos.o
 .debug_macro   0x00000000000014f2       0xde ./Core/Src/app_freertos.o
 .debug_macro   0x00000000000015d0       0x1c ./Core/Src/app_freertos.o
 .debug_macro   0x00000000000015ec       0x26 ./Core/Src/app_freertos.o
 .debug_macro   0x0000000000001612      0x4d3 ./Core/Src/app_freertos.o
 .debug_macro   0x0000000000001ae5       0xb5 ./Core/Src/app_freertos.o
 .debug_macro   0x0000000000001b9a       0xaa ./Core/Src/app_freertos.o
 .debug_macro   0x0000000000001c44      0x11e ./Core/Src/app_freertos.o
 .debug_macro   0x0000000000001d62       0x2e ./Core/Src/app_freertos.o
 .debug_macro   0x0000000000001d90       0x34 ./Core/Src/app_freertos.o
 .debug_macro   0x0000000000001dc4       0x1c ./Core/Src/app_freertos.o
 .debug_macro   0x0000000000001de0       0x22 ./Core/Src/app_freertos.o
 .debug_macro   0x0000000000001e02       0xfb ./Core/Src/app_freertos.o
 .debug_macro   0x0000000000001efd     0x1011 ./Core/Src/app_freertos.o
 .debug_macro   0x0000000000002f0e      0x11f ./Core/Src/app_freertos.o
 .debug_macro   0x000000000000302d     0xcc1c ./Core/Src/app_freertos.o
 .debug_macro   0x000000000000fc49       0x6d ./Core/Src/app_freertos.o
 .debug_macro   0x000000000000fcb6     0x33f7 ./Core/Src/app_freertos.o
 .debug_macro   0x00000000000130ad       0x5c ./Core/Src/app_freertos.o
 .debug_macro   0x0000000000013109      0x417 ./Core/Src/app_freertos.o
 .debug_macro   0x0000000000013520      0x280 ./Core/Src/app_freertos.o
 .debug_macro   0x00000000000137a0      0x330 ./Core/Src/app_freertos.o
 .debug_macro   0x0000000000013ad0      0x197 ./Core/Src/app_freertos.o
 .debug_macro   0x0000000000013c67       0x43 ./Core/Src/app_freertos.o
 .debug_macro   0x0000000000013caa      0x23d ./Core/Src/app_freertos.o
 .debug_macro   0x0000000000013ee7      0x22b ./Core/Src/app_freertos.o
 .debug_macro   0x0000000000014112      0x352 ./Core/Src/app_freertos.o
 .debug_macro   0x0000000000014464       0x2e ./Core/Src/app_freertos.o
 .debug_macro   0x0000000000014492       0xc1 ./Core/Src/app_freertos.o
 .debug_macro   0x0000000000014553      0x1b4 ./Core/Src/app_freertos.o
 .debug_macro   0x0000000000014707       0xe7 ./Core/Src/app_freertos.o
 .debug_macro   0x00000000000147ee      0x2ed ./Core/Src/app_freertos.o
 .debug_macro   0x0000000000014adb      0x25f ./Core/Src/app_freertos.o
 .debug_macro   0x0000000000014d3a      0x133 ./Core/Src/app_freertos.o
 .debug_macro   0x0000000000014e6d      0x33f ./Core/Src/app_freertos.o
 .debug_macro   0x00000000000151ac      0x67c ./Core/Src/app_freertos.o
 .debug_macro   0x0000000000015828      0x113 ./Core/Src/app_freertos.o
 .debug_macro   0x000000000001593b      0xf67 ./Core/Src/app_freertos.o
 .debug_macro   0x00000000000168a2      0x115 ./Core/Src/app_freertos.o
 .debug_macro   0x00000000000169b7      0x2db ./Core/Src/app_freertos.o
 .debug_macro   0x0000000000016c92      0x269 ./Core/Src/app_freertos.o
 .debug_macro   0x0000000000016efb      0x27d ./Core/Src/app_freertos.o
 .debug_macro   0x0000000000017178      0x2b8 ./Core/Src/main.o
 .debug_macro   0x0000000000017430       0xf8 ./Core/Src/main.o
 .debug_macro   0x0000000000017528       0x91 ./Core/Src/main.o
 .debug_macro   0x00000000000175b9       0x8d ./Core/Src/main.o
 .debug_macro   0x0000000000017646       0x7e ./Core/Src/main.o
 .debug_macro   0x00000000000176c4       0x19 ./Core/Src/main.o
 .debug_macro   0x00000000000176dd       0xf2 ./Core/Src/main.o
 .debug_macro   0x00000000000177cf      0x205 ./Core/Src/stm32wlxx_hal_msp.o
 .debug_macro   0x00000000000179d4      0x277 ./Core/Src/stm32wlxx_it.o
 .debug_macro   0x0000000000017c4b      0x1fb ./Core/Src/system_stm32wlxx.o
 .debug_macro   0x0000000000017e46      0x21f ./Drivers/STM32WLxx_HAL_Driver/stm32wlxx_hal.o
 .debug_macro   0x0000000000018065      0x1fb ./Drivers/STM32WLxx_HAL_Driver/stm32wlxx_hal_cortex.o
 .debug_macro   0x0000000000018260      0x201 ./Drivers/STM32WLxx_HAL_Driver/stm32wlxx_hal_gpio.o
 .debug_macro   0x0000000000018461      0x211 ./Drivers/STM32WLxx_HAL_Driver/stm32wlxx_hal_lptim.o
 .debug_macro   0x0000000000018672      0x249 ./Drivers/STM32WLxx_HAL_Driver/stm32wlxx_hal_pwr.o
 .debug_macro   0x00000000000188bb      0x20d ./Drivers/STM32WLxx_HAL_Driver/stm32wlxx_hal_pwr_ex.o
 .debug_macro   0x0000000000018ac8      0x255 ./Drivers/STM32WLxx_HAL_Driver/stm32wlxx_hal_rcc.o
 .debug_macro   0x0000000000018d1d      0x217 ./Drivers/STM32WLxx_HAL_Driver/stm32wlxx_hal_rcc_ex.o
 .debug_macro   0x0000000000018f34      0x1fe ./Middlewares/FreeRTOS/CMSIS_RTOS/cmsis_os.o
 .debug_macro   0x0000000000019132       0x10 ./Middlewares/FreeRTOS/CMSIS_RTOS/cmsis_os.o
 .debug_macro   0x0000000000019142       0x20 ./Middlewares/FreeRTOS/CMSIS_RTOS/cmsis_os.o
 .debug_macro   0x0000000000019162       0xe9 ./Middlewares/FreeRTOS/CMSIS_RTOS/cmsis_os.o
 .debug_macro   0x000000000001924b      0x187 ./Middlewares/FreeRTOS/list.o
 .debug_macro   0x00000000000193d2      0x279 ./Middlewares/FreeRTOS/tasks.o
 .debug_macro   0x000000000001964b       0x10 ./Middlewares/FreeRTOS/tasks.o
 .debug_macro   0x000000000001965b      0x172 ./Middlewares/FreeRTOS/prortable/GCC/ARM_CM3/port.o
 .debug_macro   0x00000000000197cd      0x1ae ./Middlewares/FreeRTOS/prortable/MemMang/heap_4.o

.debug_line     0x0000000000000000     0xf00f
 .debug_line    0x0000000000000000      0x898 ./Core/Src/app_freertos.o
 .debug_line    0x0000000000000898      0xa38 ./Core/Src/main.o
 .debug_line    0x00000000000012d0      0x7cf ./Core/Src/stm32wlxx_hal_msp.o
 .debug_line    0x0000000000001a9f      0x91b ./Core/Src/stm32wlxx_it.o
 .debug_line    0x00000000000023ba      0x7d7 ./Core/Src/system_stm32wlxx.o
 .debug_line    0x0000000000002b91       0x89 ./Core/Startup/startup_stm32wle5jcix.o
 .debug_line    0x0000000000002c1a      0xe6f ./Drivers/STM32WLxx_HAL_Driver/stm32wlxx_hal.o
 .debug_line    0x0000000000003a89      0xd2c ./Drivers/STM32WLxx_HAL_Driver/stm32wlxx_hal_cortex.o
 .debug_line    0x00000000000047b5      0xb59 ./Drivers/STM32WLxx_HAL_Driver/stm32wlxx_hal_gpio.o
 .debug_line    0x000000000000530e     0x13b3 ./Drivers/STM32WLxx_HAL_Driver/stm32wlxx_hal_lptim.o
 .debug_line    0x00000000000066c1      0xa03 ./Drivers/STM32WLxx_HAL_Driver/stm32wlxx_hal_pwr.o
 .debug_line    0x00000000000070c4      0xe49 ./Drivers/STM32WLxx_HAL_Driver/stm32wlxx_hal_pwr_ex.o
 .debug_line    0x0000000000007f0d     0x1773 ./Drivers/STM32WLxx_HAL_Driver/stm32wlxx_hal_rcc.o
 .debug_line    0x0000000000009680     0x145c ./Drivers/STM32WLxx_HAL_Driver/stm32wlxx_hal_rcc_ex.o
 .debug_line    0x000000000000aadc     0x1222 ./Middlewares/FreeRTOS/CMSIS_RTOS/cmsis_os.o
 .debug_line    0x000000000000bcfe      0x751 ./Middlewares/FreeRTOS/list.o
 .debug_line    0x000000000000c44f     0x19b7 ./Middlewares/FreeRTOS/tasks.o
 .debug_line    0x000000000000de06      0x8f6 ./Middlewares/FreeRTOS/prortable/GCC/ARM_CM3/port.o
 .debug_line    0x000000000000e6fc      0x913 ./Middlewares/FreeRTOS/prortable/MemMang/heap_4.o

.debug_str      0x0000000000000000    0xa1499
 .debug_str     0x0000000000000000    0x95f7d ./Core/Src/app_freertos.o
                                      0x96571 (size before relaxing)
 .debug_str     0x0000000000095f7d     0x28a3 ./Core/Src/main.o
                                      0x98d13 (size before relaxing)
 .debug_str     0x0000000000098820      0x5ec ./Core/Src/stm32wlxx_hal_msp.o
                                      0x92d91 (size before relaxing)
 .debug_str     0x0000000000098e0c      0x100 ./Core/Src/stm32wlxx_it.o
                                      0x96480 (size before relaxing)
 .debug_str     0x0000000000098f0c       0x9e ./Core/Src/system_stm32wlxx.o
                                      0x925da (size before relaxing)
 .debug_str     0x0000000000098faa       0x36 ./Core/Startup/startup_stm32wle5jcix.o
                                         0xa3 (size before relaxing)
 .debug_str     0x0000000000098fe0      0x838 ./Drivers/STM32WLxx_HAL_Driver/stm32wlxx_hal.o
                                      0x932bf (size before relaxing)
 .debug_str     0x0000000000099818      0x391 ./Drivers/STM32WLxx_HAL_Driver/stm32wlxx_hal_cortex.o
                                      0x92d7d (size before relaxing)
 .debug_str     0x0000000000099ba9      0x166 ./Drivers/STM32WLxx_HAL_Driver/stm32wlxx_hal_gpio.o
                                      0x926c4 (size before relaxing)
 .debug_str     0x0000000000099d0f      0x6b1 ./Drivers/STM32WLxx_HAL_Driver/stm32wlxx_hal_lptim.o
                                      0x92f8a (size before relaxing)
 .debug_str     0x000000000009a3c0      0x507 ./Drivers/STM32WLxx_HAL_Driver/stm32wlxx_hal_pwr.o
                                      0x92a64 (size before relaxing)
 .debug_str     0x000000000009a8c7      0x64f ./Drivers/STM32WLxx_HAL_Driver/stm32wlxx_hal_pwr_ex.o
                                      0x92db1 (size before relaxing)
 .debug_str     0x000000000009af16      0x944 ./Drivers/STM32WLxx_HAL_Driver/stm32wlxx_hal_rcc.o
                                      0x93244 (size before relaxing)
 .debug_str     0x000000000009b85a      0x54b ./Drivers/STM32WLxx_HAL_Driver/stm32wlxx_hal_rcc_ex.o
                                      0x93007 (size before relaxing)
 .debug_str     0x000000000009bda5     0x38b6 ./Middlewares/FreeRTOS/CMSIS_RTOS/cmsis_os.o
                                       0xe3c6 (size before relaxing)
 .debug_str     0x000000000009f65b      0x242 ./Middlewares/FreeRTOS/list.o
                                       0xa603 (size before relaxing)
 .debug_str     0x000000000009f89d     0x1227 ./Middlewares/FreeRTOS/tasks.o
                                       0xca36 (size before relaxing)
 .debug_str     0x00000000000a0ac4      0x75f ./Middlewares/FreeRTOS/prortable/GCC/ARM_CM3/port.o
                                       0x85f3 (size before relaxing)
 .debug_str     0x00000000000a1223      0x276 ./Middlewares/FreeRTOS/prortable/MemMang/heap_4.o
                                       0xae20 (size before relaxing)

.comment        0x0000000000000000       0x50
 .comment       0x0000000000000000       0x50 ./Core/Src/app_freertos.o
                                         0x51 (size before relaxing)
 .comment       0x0000000000000050       0x51 ./Core/Src/main.o
 .comment       0x0000000000000050       0x51 ./Core/Src/stm32wlxx_hal_msp.o
 .comment       0x0000000000000050       0x51 ./Core/Src/stm32wlxx_it.o
 .comment       0x0000000000000050       0x51 ./Core/Src/system_stm32wlxx.o
 .comment       0x0000000000000050       0x51 ./Drivers/STM32WLxx_HAL_Driver/stm32wlxx_hal.o
 .comment       0x0000000000000050       0x51 ./Drivers/STM32WLxx_HAL_Driver/stm32wlxx_hal_cortex.o
 .comment       0x0000000000000050       0x51 ./Drivers/STM32WLxx_HAL_Driver/stm32wlxx_hal_gpio.o
 .comment       0x0000000000000050       0x51 ./Drivers/STM32WLxx_HAL_Driver/stm32wlxx_hal_lptim.o
 .comment       0x0000000000000050       0x51 ./Drivers/STM32WLxx_HAL_Driver/stm32wlxx_hal_pwr.o
 .comment       0x0000000000000050       0x51 ./Drivers/STM32WLxx_HAL_Driver/stm32wlxx_hal_pwr_ex.o
 .comment       0x0000000000000050       0x51 ./Drivers/STM32WLxx_HAL_Driver/stm32wlxx_hal_rcc.o
 .comment       0x0000000000000050       0x51 ./Drivers/STM32WLxx_HAL_Driver/stm32wlxx_hal_rcc_ex.o
 .comment       0x0000000000000050       0x51 ./Middlewares/FreeRTOS/CMSIS_RTOS/cmsis_os.o
 .comment       0x0000000000000050       0x51 ./Middlewares/FreeRTOS/list.o
 .comment       0x0000000000000050       0x51 ./Middlewares/FreeRTOS/tasks.o
 .comment       0x0000000000000050       0x51 ./Middlewares/FreeRTOS/prortable/GCC/ARM_CM3/port.o
 .comment       0x0000000000000050       0x51 ./Middlewares/FreeRTOS/prortable/MemMang/heap_4.o

.debug_frame    0x0000000000000000     0x4924
 .debug_frame   0x0000000000000000       0x80 ./Core/Src/app_freertos.o
 .debug_frame   0x0000000000000080      0x11c ./Core/Src/main.o
 .debug_frame   0x000000000000019c       0xc4 ./Core/Src/stm32wlxx_hal_msp.o
 .debug_frame   0x0000000000000260       0xe0 ./Core/Src/stm32wlxx_it.o
 .debug_frame   0x0000000000000340       0x58 ./Core/Src/system_stm32wlxx.o
 .debug_frame   0x0000000000000398      0x860 ./Drivers/STM32WLxx_HAL_Driver/stm32wlxx_hal.o
 .debug_frame   0x0000000000000bf8      0x498 ./Drivers/STM32WLxx_HAL_Driver/stm32wlxx_hal_cortex.o
 .debug_frame   0x0000000000001090      0x14c ./Drivers/STM32WLxx_HAL_Driver/stm32wlxx_hal_gpio.o
 .debug_frame   0x00000000000011dc      0x774 ./Drivers/STM32WLxx_HAL_Driver/stm32wlxx_hal_lptim.o
 .debug_frame   0x0000000000001950      0x31c ./Drivers/STM32WLxx_HAL_Driver/stm32wlxx_hal_pwr.o
 .debug_frame   0x0000000000001c6c      0x7cc ./Drivers/STM32WLxx_HAL_Driver/stm32wlxx_hal_pwr_ex.o
 .debug_frame   0x0000000000002438      0x914 ./Drivers/STM32WLxx_HAL_Driver/stm32wlxx_hal_rcc.o
 .debug_frame   0x0000000000002d4c      0x838 ./Drivers/STM32WLxx_HAL_Driver/stm32wlxx_hal_rcc_ex.o
 .debug_frame   0x0000000000003584      0x80c ./Middlewares/FreeRTOS/CMSIS_RTOS/cmsis_os.o
 .debug_frame   0x0000000000003d90       0xd8 ./Middlewares/FreeRTOS/list.o
 .debug_frame   0x0000000000003e68      0x7ac ./Middlewares/FreeRTOS/tasks.o
 .debug_frame   0x0000000000004614      0x1bc ./Middlewares/FreeRTOS/prortable/GCC/ARM_CM3/port.o
 .debug_frame   0x00000000000047d0      0x108 ./Middlewares/FreeRTOS/prortable/MemMang/heap_4.o
 .debug_frame   0x00000000000048d8       0x2c c:/st/stm32cubeide_1.11.2/stm32cubeide/plugins/com.st.stm32cube.ide.mcu.externaltools.gnu-tools-for-stm32.10.3-2021.10.win32_1.0.100.202210260954/tools/bin/../lib/gcc/arm-none-eabi/10.3.1/../../../../arm-none-eabi/lib/thumb/v7e-m/nofp\libc_nano.a(lib_a-init.o)
 .debug_frame   0x0000000000004904       0x20 c:/st/stm32cubeide_1.11.2/stm32cubeide/plugins/com.st.stm32cube.ide.mcu.externaltools.gnu-tools-for-stm32.10.3-2021.10.win32_1.0.100.202210260954/tools/bin/../lib/gcc/arm-none-eabi/10.3.1/../../../../arm-none-eabi/lib/thumb/v7e-m/nofp\libc_nano.a(lib_a-memset.o)
